Java HotSpot(TM) 64-Bit Server VM (25.121-b13) for windows-amd64 JRE (1.8.0_121-b13), built on Dec 12 2016 18:21:36 by "java_re" with MS VC++ 10.0 (VS2010)
Memory: 4k page, physical 33227016k(16222872k free), swap 44237064k(18807780k free)
CommandLine flags: -XX:InitialHeapSize=209715200 -XX:MaxHeapSize=209715200 -XX:MaxNewSize=104857600 -XX:NewSize=104857600 -XX:+PrintGC -XX:+PrintGCDateStamps -XX:+PrintGCDetails -XX:+PrintGCTimeStamps -XX:+UseCompressedClassPointers -XX:+UseCompressedOops -XX:-UseLargePagesIndividualAllocation -XX:+UseParallelGC 
2022-08-16T18:21:14.150+0800: 1.794: [GC (Allocation Failure) [PSYoungGen: 76293K->12768K(89600K)] 76293K->26580K(192000K), 0.0085950 secs] [Times: user=0.00 sys=0.00, real=0.01 secs] 
2022-08-16T18:21:14.179+0800: 1.824: [GC (Allocation Failure) [PSYoungGen: 89568K->12768K(89600K)] 103380K->58348K(192000K), 0.0115306 secs] [Times: user=0.00 sys=0.00, real=0.01 secs] 
2022-08-16T18:21:14.199+0800: 1.843: [GC (Allocation Failure) [PSYoungGen: 89568K->12768K(89600K)] 135148K->90093K(192000K), 0.0123031 secs] [Times: user=0.01 sys=0.00, real=0.01 secs] 
2022-08-16T18:21:14.211+0800: 1.856: [Full GC (Ergonomics) [PSYoungGen: 12768K->0K(89600K)] [ParOldGen: 77325K->89013K(102400K)] 90093K->89013K(192000K), [Metaspace: 4484K->4484K(1056768K)], 0.0164690 secs] [Times: user=0.06 sys=0.00, real=0.02 secs] 
2022-08-16T18:21:14.249+0800: 1.894: [Full GC (Ergonomics) [PSYoungGen: 76673K->38912K(89600K)] [ParOldGen: 89013K->102342K(102400K)] 165686K->141254K(192000K), [Metaspace: 4486K->4486K(1056768K)], 0.0375275 secs] [Times: user=0.09 sys=0.00, real=0.04 secs] 
2022-08-16T18:21:14.291+0800: 1.937: [Full GC (Ergonomics) [PSYoungGen: 76289K->62464K(89600K)] [ParOldGen: 102342K->102340K(102400K)] 178631K->164805K(192000K), [Metaspace: 4486K->4486K(1056768K)], 0.0378824 secs] [Times: user=0.09 sys=0.00, real=0.04 secs] 
2022-08-16T18:21:14.333+0800: 1.978: [Full GC (Ergonomics) [PSYoungGen: 76545K->69633K(89600K)] [ParOldGen: 102340K->102337K(102400K)] 178886K->171970K(192000K), [Metaspace: 4486K->4486K(1056768K)], 0.0293749 secs] [Times: user=0.03 sys=0.00, real=0.03 secs] 
2022-08-16T18:21:14.383+0800: 2.027: [Full GC (Ergonomics) [PSYoungGen: 76596K->68654K(89600K)] [ParOldGen: 102337K->102334K(102400K)] 178934K->170988K(192000K), [Metaspace: 4496K->4496K(1056768K)], 0.0331032 secs] [Times: user=0.09 sys=0.00, real=0.03 secs] 
2022-08-16T18:21:14.419+0800: 2.064: [Full GC (Ergonomics) [PSYoungGen: 76501K->65583K(89600K)] [ParOldGen: 102334K->102334K(102400K)] 178835K->167917K(192000K), [Metaspace: 4496K->4496K(1056768K)], 0.1370871 secs] [Times: user=0.19 sys=0.00, real=0.14 secs] 
2022-08-16T18:21:14.580+0800: 2.225: [Full GC (Ergonomics) [PSYoungGen: 76317K->47240K(89600K)] [ParOldGen: 102334K->102332K(102400K)] 178651K->149573K(192000K), [Metaspace: 4507K->4507K(1056768K)], 0.0466699 secs] [Times: user=0.09 sys=0.02, real=0.05 secs] 
2022-08-16T18:21:14.646+0800: 2.291: [Full GC (Ergonomics) [PSYoungGen: 76243K->54410K(89600K)] [ParOldGen: 102332K->102331K(102400K)] 178576K->156741K(192000K), [Metaspace: 4507K->4507K(1056768K)], 0.0632491 secs] [Times: user=0.09 sys=0.00, real=0.06 secs] 
2022-08-16T18:21:14.732+0800: 2.376: [Full GC (Ergonomics) [PSYoungGen: 76769K->52352K(89600K)] [ParOldGen: 102331K->102367K(102400K)] 179100K->154720K(192000K), [Metaspace: 4512K->4512K(1056768K)], 0.0356624 secs] [Times: user=0.08 sys=0.00, real=0.03 secs] 
2022-08-16T18:21:14.774+0800: 2.419: [Full GC (Ergonomics) [PSYoungGen: 76093K->65581K(89600K)] [ParOldGen: 102367K->101431K(102400K)] 178461K->167013K(192000K), [Metaspace: 4513K->4513K(1056768K)], 0.0516833 secs] [Times: user=0.11 sys=0.00, real=0.05 secs] 
2022-08-16T18:21:14.833+0800: 2.477: [Full GC (Ergonomics) [PSYoungGen: 76796K->57401K(89600K)] [ParOldGen: 101431K->101429K(102400K)] 178228K->158830K(192000K), [Metaspace: 4513K->4513K(1056768K)], 0.0348204 secs] [Times: user=0.08 sys=0.00, real=0.03 secs] 
2022-08-16T18:21:14.905+0800: 2.550: [Full GC (Ergonomics) [PSYoungGen: 76061K->60485K(89600K)] [ParOldGen: 101429K->101466K(102400K)] 177490K->161952K(192000K), [Metaspace: 4513K->4513K(1056768K)], 0.0496068 secs] [Times: user=0.14 sys=0.00, real=0.05 secs] 
2022-08-16T18:21:14.997+0800: 2.642: [Full GC (Ergonomics) [PSYoungGen: 75976K->45158K(89600K)] [ParOldGen: 101466K->101465K(102400K)] 177442K->146623K(192000K), [Metaspace: 4513K->4513K(1056768K)], 0.0378457 secs] [Times: user=0.09 sys=0.00, real=0.04 secs] 
2022-08-16T18:21:15.071+0800: 2.716: [Full GC (Ergonomics) [PSYoungGen: 76504K->37987K(89600K)] [ParOldGen: 101465K->101524K(102400K)] 177970K->139511K(192000K), [Metaspace: 4513K->4513K(1056768K)], 0.0620628 secs] [Times: user=0.09 sys=0.00, real=0.06 secs] 
2022-08-16T18:21:15.249+0800: 2.894: [Full GC (Ergonomics) [PSYoungGen: 76751K->45151K(89600K)] [ParOldGen: 101524K->101589K(102400K)] 178275K->146740K(192000K), [Metaspace: 4513K->4513K(1056768K)], 0.0596349 secs] [Times: user=0.16 sys=0.00, real=0.06 secs] 
2022-08-16T18:21:15.325+0800: 2.970: [Full GC (Ergonomics) [PSYoungGen: 76763K->31788K(89600K)] [ParOldGen: 101589K->101680K(102400K)] 178353K->133469K(192000K), [Metaspace: 4515K->4515K(1056768K)], 0.0450501 secs] [Times: user=0.08 sys=0.00, real=0.04 secs] 
2022-08-16T18:21:15.389+0800: 3.034: [Full GC (Ergonomics) [PSYoungGen: 76790K->57415K(89600K)] [ParOldGen: 101680K->101699K(102400K)] 178471K->159114K(192000K), [Metaspace: 4515K->4515K(1056768K)], 0.0414176 secs] [Times: user=0.09 sys=0.00, real=0.04 secs] 
2022-08-16T18:21:15.435+0800: 3.080: [Full GC (Ergonomics) [PSYoungGen: 76397K->62512K(89600K)] [ParOldGen: 101699K->101722K(102400K)] 178097K->164235K(192000K), [Metaspace: 4515K->4515K(1056768K)], 0.0391406 secs] [Times: user=0.08 sys=0.00, real=0.04 secs] 
2022-08-16T18:21:15.502+0800: 3.147: [Full GC (Ergonomics) [PSYoungGen: 76794K->58433K(89600K)] [ParOldGen: 101722K->101727K(102400K)] 178517K->160160K(192000K), [Metaspace: 4515K->4515K(1056768K)], 0.0456415 secs] [Times: user=0.13 sys=0.00, real=0.05 secs] 
2022-08-16T18:21:15.552+0800: 3.197: [Full GC (Ergonomics) [PSYoungGen: 76310K->66622K(89600K)] [ParOldGen: 101727K->101730K(102400K)] 178037K->168352K(192000K), [Metaspace: 4515K->4515K(1056768K)], 0.0434503 secs] [Times: user=0.11 sys=0.00, real=0.04 secs] 
2022-08-16T18:21:15.598+0800: 3.242: [Full GC (Ergonomics) [PSYoungGen: 76068K->74814K(89600K)] [ParOldGen: 101730K->101730K(102400K)] 177798K->176544K(192000K), [Metaspace: 4515K->4515K(1056768K)], 0.0461141 secs] [Times: user=0.13 sys=0.00, real=0.05 secs] 
2022-08-16T18:21:15.645+0800: 3.290: [Full GC (Ergonomics) [PSYoungGen: 75838K->75838K(89600K)] [ParOldGen: 101730K->101730K(102400K)] 177568K->177568K(192000K), [Metaspace: 4515K->4515K(1056768K)], 0.0081204 secs] [Times: user=0.00 sys=0.00, real=0.01 secs] 
2022-08-16T18:21:15.654+0800: 3.299: [Full GC (Allocation Failure) [PSYoungGen: 75838K->75838K(89600K)] [ParOldGen: 101730K->101670K(102400K)] 177568K->177508K(192000K), [Metaspace: 4515K->4515K(1056768K)], 0.0451376 secs] [Times: user=0.05 sys=0.00, real=0.04 secs] 
2022-08-16T18:21:15.701+0800: 3.346: [Full GC (Ergonomics) [PSYoungGen: 75870K->74814K(89600K)] [ParOldGen: 101670K->101670K(102400K)] 177540K->176484K(192000K), [Metaspace: 4515K->4515K(1056768K)], 0.0642254 secs] [Times: user=0.16 sys=0.00, real=0.07 secs] 
2022-08-16T18:21:15.770+0800: 3.415: [Full GC (Ergonomics) [PSYoungGen: 75863K->75838K(89600K)] [ParOldGen: 101670K->101670K(102400K)] 177533K->177508K(192000K), [Metaspace: 4515K->4515K(1056768K)], 0.0137845 secs] [Times: user=0.03 sys=0.00, real=0.01 secs] 
2022-08-16T18:21:15.785+0800: 3.429: [Full GC (Allocation Failure) [PSYoungGen: 75838K->75838K(89600K)] [ParOldGen: 101670K->101670K(102400K)] 177508K->177508K(192000K), [Metaspace: 4515K->4515K(1056768K)], 0.0100644 secs] [Times: user=0.02 sys=0.00, real=0.01 secs] 
2022-08-16T18:21:15.801+0800: 3.446: [Full GC (Ergonomics) [PSYoungGen: 75874K->62522K(89600K)] [ParOldGen: 101670K->101665K(102400K)] 177544K->164187K(192000K), [Metaspace: 4515K->4515K(1056768K)], 0.0431220 secs] [Times: user=0.09 sys=0.00, real=0.04 secs] 
2022-08-16T18:21:15.849+0800: 3.494: [Full GC (Ergonomics) [PSYoungGen: 76264K->9216K(89600K)] [ParOldGen: 101665K->101721K(102400K)] 177929K->110937K(192000K), [Metaspace: 4519K->4513K(1056768K)], 0.0302852 secs] [Times: user=0.08 sys=0.00, real=0.03 secs] 
2022-08-16T18:21:15.908+0800: 3.553: [Full GC (Ergonomics) [PSYoungGen: 76080K->61485K(89600K)] [ParOldGen: 101721K->101673K(102400K)] 177801K->163158K(192000K), [Metaspace: 4520K->4520K(1056768K)], 0.0500012 secs] [Times: user=0.09 sys=0.00, real=0.05 secs] 
2022-08-16T18:21:15.984+0800: 3.629: [Full GC (Ergonomics) [PSYoungGen: 76692K->51302K(89600K)] [ParOldGen: 101673K->101677K(102400K)] 178365K->152980K(192000K), [Metaspace: 4520K->4520K(1056768K)], 0.0436065 secs] [Times: user=0.08 sys=0.00, real=0.05 secs] 
2022-08-16T18:21:16.035+0800: 3.680: [Full GC (Ergonomics) [PSYoungGen: 76779K->55404K(89600K)] [ParOldGen: 101677K->101679K(102400K)] 178456K->157084K(192000K), [Metaspace: 4520K->4520K(1056768K)], 0.0373689 secs] [Times: user=0.17 sys=0.00, real=0.04 secs] 
2022-08-16T18:21:16.083+0800: 3.727: [Full GC (Ergonomics) [PSYoungGen: 76149K->60560K(89600K)] [ParOldGen: 101679K->101685K(102400K)] 177829K->162246K(192000K), [Metaspace: 4520K->4520K(1056768K)], 0.0337787 secs] [Times: user=0.09 sys=0.00, real=0.03 secs] 
2022-08-16T18:21:16.122+0800: 3.767: [Full GC (Ergonomics) [PSYoungGen: 76673K->65674K(89600K)] [ParOldGen: 101685K->101710K(102400K)] 178359K->167384K(192000K), [Metaspace: 4520K->4520K(1056768K)], 0.0341744 secs] [Times: user=0.17 sys=0.00, real=0.03 secs] 
2022-08-16T18:21:16.161+0800: 3.806: [Full GC (Ergonomics) [PSYoungGen: 76742K->66687K(89600K)] [ParOldGen: 101710K->101738K(102400K)] 178453K->168426K(192000K), [Metaspace: 4520K->4520K(1056768K)], 0.0367817 secs] [Times: user=0.20 sys=0.02, real=0.04 secs] 
2022-08-16T18:21:16.204+0800: 3.848: [Full GC (Ergonomics) [PSYoungGen: 76745K->66655K(89600K)] [ParOldGen: 101738K->101779K(102400K)] 178484K->168434K(192000K), [Metaspace: 4520K->4520K(1056768K)], 0.0343256 secs] [Times: user=0.14 sys=0.00, real=0.03 secs] 
2022-08-16T18:21:16.244+0800: 3.888: [Full GC (Ergonomics) [PSYoungGen: 76798K->67694K(89600K)] [ParOldGen: 101779K->101776K(102400K)] 178578K->169471K(192000K), [Metaspace: 4520K->4520K(1056768K)], 0.0364708 secs] [Times: user=0.14 sys=0.00, real=0.04 secs] 
2022-08-16T18:21:16.282+0800: 3.927: [Full GC (Ergonomics) [PSYoungGen: 76136K->67694K(89600K)] [ParOldGen: 101776K->101776K(102400K)] 177912K->169471K(192000K), [Metaspace: 4520K->4520K(1056768K)], 0.0341811 secs] [Times: user=0.17 sys=0.00, real=0.03 secs] 
2022-08-16T18:21:16.318+0800: 3.963: [Full GC (Ergonomics) [PSYoungGen: 76202K->71783K(89600K)] [ParOldGen: 101776K->101783K(102400K)] 177979K->173567K(192000K), [Metaspace: 4520K->4520K(1056768K)], 0.0327656 secs] [Times: user=0.11 sys=0.00, real=0.03 secs] 
2022-08-16T18:21:16.360+0800: 4.005: [Full GC (Ergonomics) [PSYoungGen: 76406K->45122K(89600K)] [ParOldGen: 101783K->101841K(102400K)] 178190K->146963K(192000K), [Metaspace: 4520K->4520K(1056768K)], 0.0324820 secs] [Times: user=0.16 sys=0.00, real=0.03 secs] 
2022-08-16T18:21:16.408+0800: 4.053: [Full GC (Ergonomics) [PSYoungGen: 76239K->58482K(89600K)] [ParOldGen: 101841K->101851K(102400K)] 178080K->160333K(192000K), [Metaspace: 4520K->4520K(1056768K)], 0.0398896 secs] [Times: user=0.19 sys=0.00, real=0.04 secs] 
2022-08-16T18:21:16.454+0800: 4.099: [Full GC (Ergonomics) [PSYoungGen: 76691K->58483K(89600K)] [ParOldGen: 101851K->101861K(102400K)] 178542K->160344K(192000K), [Metaspace: 4520K->4520K(1056768K)], 0.0321132 secs] [Times: user=0.20 sys=0.00, real=0.03 secs] 
2022-08-16T18:21:16.490+0800: 4.135: [Full GC (Ergonomics) [PSYoungGen: 76090K->62574K(89600K)] [ParOldGen: 101861K->101874K(102400K)] 177951K->164449K(192000K), [Metaspace: 4520K->4520K(1056768K)], 0.0320301 secs] [Times: user=0.09 sys=0.02, real=0.03 secs] 
2022-08-16T18:21:16.526+0800: 4.170: [Full GC (Ergonomics) [PSYoungGen: 76361K->59460K(89600K)] [ParOldGen: 101874K->101924K(102400K)] 178236K->161384K(192000K), [Metaspace: 4520K->4520K(1056768K)], 0.0337772 secs] [Times: user=0.11 sys=0.00, real=0.03 secs] 
2022-08-16T18:21:16.563+0800: 4.208: [Full GC (Ergonomics) [PSYoungGen: 75961K->63536K(89600K)] [ParOldGen: 101924K->101952K(102400K)] 177885K->165489K(192000K), [Metaspace: 4520K->4520K(1056768K)], 0.0365796 secs] [Times: user=0.16 sys=0.00, real=0.04 secs] 
2022-08-16T18:21:16.604+0800: 4.248: [Full GC (Ergonomics) [PSYoungGen: 76797K->66613K(89600K)] [ParOldGen: 101952K->101955K(102400K)] 178749K->168569K(192000K), [Metaspace: 4520K->4520K(1056768K)], 0.0373515 secs] [Times: user=0.19 sys=0.00, real=0.04 secs] 
2022-08-16T18:21:16.645+0800: 4.290: [Full GC (Ergonomics) [PSYoungGen: 76770K->62520K(89600K)] [ParOldGen: 101955K->101966K(102400K)] 178726K->164486K(192000K), [Metaspace: 4520K->4520K(1056768K)], 0.0320737 secs] [Times: user=0.09 sys=0.00, real=0.03 secs] 
2022-08-16T18:21:16.680+0800: 4.324: [Full GC (Ergonomics) [PSYoungGen: 76387K->66610K(89600K)] [ParOldGen: 101966K->101972K(102400K)] 178353K->168582K(192000K), [Metaspace: 4520K->4520K(1056768K)], 0.0322043 secs] [Times: user=0.11 sys=0.00, real=0.03 secs] 
2022-08-16T18:21:16.719+0800: 4.363: [Full GC (Ergonomics) [PSYoungGen: 76728K->66631K(89600K)] [ParOldGen: 101972K->101980K(102400K)] 178700K->168612K(192000K), [Metaspace: 4520K->4520K(1056768K)], 0.0345112 secs] [Times: user=0.19 sys=0.02, real=0.03 secs] 
2022-08-16T18:21:16.757+0800: 4.401: [Full GC (Ergonomics) [PSYoungGen: 76346K->61508K(89600K)] [ParOldGen: 101980K->101986K(102400K)] 178327K->163494K(192000K), [Metaspace: 4520K->4520K(1056768K)], 0.0323531 secs] [Times: user=0.14 sys=0.02, real=0.03 secs] 
2022-08-16T18:21:16.793+0800: 4.437: [Full GC (Ergonomics) [PSYoungGen: 76186K->60483K(89600K)] [ParOldGen: 101986K->101993K(102400K)] 178173K->162477K(192000K), [Metaspace: 4520K->4520K(1056768K)], 0.0325403 secs] [Times: user=0.22 sys=0.00, real=0.03 secs] 
2022-08-16T18:21:16.829+0800: 4.474: [Full GC (Ergonomics) [PSYoungGen: 76176K->64579K(89600K)] [ParOldGen: 101993K->102001K(102400K)] 178170K->166581K(192000K), [Metaspace: 4520K->4520K(1056768K)], 0.0311746 secs] [Times: user=0.22 sys=0.00, real=0.03 secs] 
2022-08-16T18:21:16.864+0800: 4.509: [Full GC (Ergonomics) [PSYoungGen: 76189K->61504K(89600K)] [ParOldGen: 102001K->102015K(102400K)] 178190K->163520K(192000K), [Metaspace: 4520K->4520K(1056768K)], 0.0318857 secs] [Times: user=0.13 sys=0.00, real=0.03 secs] 
2022-08-16T18:21:16.901+0800: 4.546: [Full GC (Ergonomics) [PSYoungGen: 76662K->58448K(89600K)] [ParOldGen: 102015K->102015K(102400K)] 178678K->160463K(192000K), [Metaspace: 4520K->4520K(1056768K)], 0.0324415 secs] [Times: user=0.16 sys=0.00, real=0.03 secs] 
2022-08-16T18:21:16.938+0800: 4.583: [Full GC (Ergonomics) [PSYoungGen: 76018K->61493K(89600K)] [ParOldGen: 102015K->102047K(102400K)] 178033K->163541K(192000K), [Metaspace: 4520K->4520K(1056768K)], 0.0343338 secs] [Times: user=0.13 sys=0.02, real=0.04 secs] 
2022-08-16T18:21:16.982+0800: 4.626: [Full GC (Ergonomics) [PSYoungGen: 76204K->62562K(89600K)] [ParOldGen: 102047K->102055K(102400K)] 178252K->164617K(192000K), [Metaspace: 4520K->4520K(1056768K)], 0.0351323 secs] [Times: user=0.14 sys=0.00, real=0.03 secs] 
2022-08-16T18:21:17.022+0800: 4.666: [Full GC (Ergonomics) [PSYoungGen: 76069K->62562K(89600K)] [ParOldGen: 102055K->102064K(102400K)] 178124K->164626K(192000K), [Metaspace: 4520K->4520K(1056768K)], 0.0329044 secs] [Times: user=0.13 sys=0.02, real=0.03 secs] 
2022-08-16T18:21:17.091+0800: 4.736: [Full GC (Ergonomics) [PSYoungGen: 76143K->55618K(89600K)] [ParOldGen: 102064K->102069K(102400K)] 178208K->157687K(192000K), [Metaspace: 4520K->4520K(1056768K)], 0.0335401 secs] [Times: user=0.22 sys=0.00, real=0.03 secs] 
2022-08-16T18:21:17.130+0800: 4.775: [Full GC (Ergonomics) [PSYoungGen: 76740K->63795K(89600K)] [ParOldGen: 102069K->102078K(102400K)] 178810K->165874K(192000K), [Metaspace: 4520K->4520K(1056768K)], 0.0352477 secs] [Times: user=0.14 sys=0.03, real=0.04 secs] 
2022-08-16T18:21:17.176+0800: 4.821: [Full GC (Ergonomics) [PSYoungGen: 76741K->62809K(89600K)] [ParOldGen: 102078K->102083K(102400K)] 178820K->164893K(192000K), [Metaspace: 4520K->4520K(1056768K)], 0.0333277 secs] [Times: user=0.13 sys=0.00, real=0.03 secs] 
2022-08-16T18:21:17.212+0800: 4.858: [Full GC (Ergonomics) [PSYoungGen: 75823K->63780K(89600K)] [ParOldGen: 102083K->102136K(102400K)] 177906K->165917K(192000K), [Metaspace: 4520K->4520K(1056768K)], 0.0353248 secs] [Times: user=0.22 sys=0.00, real=0.04 secs] 
2022-08-16T18:21:17.260+0800: 4.904: [Full GC (Ergonomics) [PSYoungGen: 76354K->67920K(89600K)] [ParOldGen: 102136K->102135K(102400K)] 178491K->170056K(192000K), [Metaspace: 4520K->4520K(1056768K)], 0.0352465 secs] [Times: user=0.20 sys=0.00, real=0.04 secs] 
2022-08-16T18:21:17.298+0800: 4.942: [Full GC (Ergonomics) [PSYoungGen: 76755K->67910K(89600K)] [ParOldGen: 102135K->102145K(102400K)] 178891K->170056K(192000K), [Metaspace: 4520K->4520K(1056768K)], 0.0320628 secs] [Times: user=0.25 sys=0.00, real=0.03 secs] 
2022-08-16T18:21:17.332+0800: 4.977: [Full GC (Ergonomics) [PSYoungGen: 75902K->64831K(89600K)] [ParOldGen: 102145K->102152K(102400K)] 178047K->166983K(192000K), [Metaspace: 4520K->4520K(1056768K)], 0.0319355 secs] [Times: user=0.11 sys=0.00, real=0.03 secs] 
2022-08-16T18:21:17.375+0800: 5.019: [Full GC (Ergonomics) [PSYoungGen: 76785K->61574K(89600K)] [ParOldGen: 102152K->102380K(102400K)] 178937K->163955K(192000K), [Metaspace: 4520K->4520K(1056768K)], 0.0336122 secs] [Times: user=0.20 sys=0.00, real=0.03 secs] 
2022-08-16T18:21:17.411+0800: 5.056: [Full GC (Ergonomics) [PSYoungGen: 76737K->63622K(89600K)] [ParOldGen: 102380K->102379K(102400K)] 179118K->166001K(192000K), [Metaspace: 4520K->4520K(1056768K)], 0.0339051 secs] [Times: user=0.16 sys=0.00, real=0.04 secs] 
2022-08-16T18:21:17.457+0800: 5.102: [Full GC (Ergonomics) [PSYoungGen: 76023K->60550K(89600K)] [ParOldGen: 102379K->101397K(102400K)] 178402K->161948K(192000K), [Metaspace: 4520K->4520K(1056768K)], 0.0349968 secs] [Times: user=0.16 sys=0.02, real=0.04 secs] 
2022-08-16T18:21:17.504+0800: 5.148: [Full GC (Ergonomics) [PSYoungGen: 76196K->59481K(89600K)] [ParOldGen: 101397K->101434K(102400K)] 177594K->160916K(192000K), [Metaspace: 4520K->4520K(1056768K)], 0.0378943 secs] [Times: user=0.23 sys=0.00, real=0.04 secs] 
2022-08-16T18:21:17.554+0800: 5.200: [Full GC (Ergonomics) [PSYoungGen: 76458K->51290K(89600K)] [ParOldGen: 101434K->101477K(102400K)] 177893K->152767K(192000K), [Metaspace: 4520K->4520K(1056768K)], 0.0325701 secs] [Times: user=0.19 sys=0.00, real=0.03 secs] 
2022-08-16T18:21:17.596+0800: 5.240: [Full GC (Ergonomics) [PSYoungGen: 76225K->58456K(89600K)] [ParOldGen: 101477K->101472K(102400K)] 177702K->159929K(192000K), [Metaspace: 4520K->4520K(1056768K)], 0.0313387 secs] [Times: user=0.25 sys=0.00, real=0.03 secs] 
2022-08-16T18:21:17.633+0800: 5.277: [Full GC (Ergonomics) [PSYoungGen: 76704K->60461K(89600K)] [ParOldGen: 101472K->101508K(102400K)] 178177K->161970K(192000K), [Metaspace: 4520K->4520K(1056768K)], 0.0327976 secs] [Times: user=0.14 sys=0.00, real=0.03 secs] 
2022-08-16T18:21:17.676+0800: 5.321: [Full GC (Ergonomics) [PSYoungGen: 76740K->58443K(89600K)] [ParOldGen: 101508K->101520K(102400K)] 178248K->159964K(192000K), [Metaspace: 4520K->4520K(1056768K)], 0.0332589 secs] [Times: user=0.13 sys=0.00, real=0.03 secs] 
2022-08-16T18:21:17.714+0800: 5.359: [Full GC (Ergonomics) [PSYoungGen: 75838K->61485K(89600K)] [ParOldGen: 101520K->101545K(102400K)] 177359K->163031K(192000K), [Metaspace: 4520K->4520K(1056768K)], 0.0318898 secs] [Times: user=0.25 sys=0.00, real=0.03 secs] 
2022-08-16T18:21:17.749+0800: 5.394: [Full GC (Ergonomics) [PSYoungGen: 75891K->62510K(89600K)] [ParOldGen: 101545K->101545K(102400K)] 177437K->164055K(192000K), [Metaspace: 4520K->4520K(1056768K)], 0.0318210 secs] [Times: user=0.24 sys=0.00, real=0.03 secs] 
2022-08-16T18:21:17.792+0800: 5.436: [Full GC (Ergonomics) [PSYoungGen: 76178K->65625K(89600K)] [ParOldGen: 101545K->101544K(102400K)] 177723K->167169K(192000K), [Metaspace: 4521K->4521K(1056768K)], 0.0335498 secs] [Times: user=0.24 sys=0.00, real=0.03 secs] 
2022-08-16T18:21:17.833+0800: 5.477: [Full GC (Ergonomics) [PSYoungGen: 76731K->59479K(89600K)] [ParOldGen: 101544K->101539K(102400K)] 178275K->161018K(192000K), [Metaspace: 4521K->4521K(1056768K)], 0.0339913 secs] [Times: user=0.14 sys=0.00, real=0.03 secs] 
2022-08-16T18:21:17.878+0800: 5.523: [Full GC (Ergonomics) [PSYoungGen: 76349K->59480K(89600K)] [ParOldGen: 101539K->101580K(102400K)] 177889K->161061K(192000K), [Metaspace: 4521K->4521K(1056768K)], 0.0328119 secs] [Times: user=0.13 sys=0.00, real=0.03 secs] 
2022-08-16T18:21:17.917+0800: 5.562: [Full GC (Ergonomics) [PSYoungGen: 76541K->63576K(89600K)] [ParOldGen: 101580K->101575K(102400K)] 178122K->165152K(192000K), [Metaspace: 4521K->4521K(1056768K)], 0.0336624 secs] [Times: user=0.24 sys=0.00, real=0.03 secs] 
2022-08-16T18:21:17.965+0800: 5.610: [Full GC (Ergonomics) [PSYoungGen: 75933K->64644K(89600K)] [ParOldGen: 101575K->101576K(102400K)] 177509K->166221K(192000K), [Metaspace: 4521K->4521K(1056768K)], 0.0340001 secs] [Times: user=0.24 sys=0.00, real=0.04 secs] 
2022-08-16T18:21:18.008+0800: 5.653: [Full GC (Ergonomics) [PSYoungGen: 75833K->53337K(89600K)] [ParOldGen: 101576K->101616K(102400K)] 177410K->154953K(192000K), [Metaspace: 4521K->4521K(1056768K)], 0.0330170 secs] [Times: user=0.20 sys=0.02, real=0.03 secs] 
2022-08-16T18:21:18.056+0800: 5.701: [Full GC (Ergonomics) [PSYoungGen: 76555K->62553K(89600K)] [ParOldGen: 101616K->101658K(102400K)] 178171K->164212K(192000K), [Metaspace: 4521K->4521K(1056768K)], 0.0349603 secs] [Times: user=0.22 sys=0.00, real=0.04 secs] 
2022-08-16T18:21:18.098+0800: 5.744: [Full GC (Ergonomics) [PSYoungGen: 76298K->63577K(89600K)] [ParOldGen: 101658K->101654K(102400K)] 177957K->165231K(192000K), [Metaspace: 4521K->4521K(1056768K)], 0.0351549 secs] [Times: user=0.16 sys=0.00, real=0.04 secs] 
2022-08-16T18:21:18.146+0800: 5.791: [Full GC (Ergonomics) [PSYoungGen: 76128K->60549K(89600K)] [ParOldGen: 101654K->101653K(102400K)] 177782K->162203K(192000K), [Metaspace: 4521K->4521K(1056768K)], 0.0350953 secs] [Times: user=0.25 sys=0.02, real=0.04 secs] 
2022-08-16T18:21:18.186+0800: 5.831: [Full GC (Ergonomics) [PSYoungGen: 76218K->61526K(89600K)] [ParOldGen: 101653K->101692K(102400K)] 177872K->163219K(192000K), [Metaspace: 4521K->4521K(1056768K)], 0.0353741 secs] [Times: user=0.22 sys=0.00, real=0.03 secs] 
2022-08-16T18:21:18.228+0800: 5.872: [Full GC (Ergonomics) [PSYoungGen: 76310K->55341K(89600K)] [ParOldGen: 101692K->101725K(102400K)] 178002K->157066K(192000K), [Metaspace: 4521K->4521K(1056768K)], 0.0328261 secs] [Times: user=0.20 sys=0.00, real=0.03 secs] 
2022-08-16T18:21:18.272+0800: 5.917: [Full GC (Ergonomics) [PSYoungGen: 76531K->65626K(89600K)] [ParOldGen: 101725K->101724K(102400K)] 178256K->167350K(192000K), [Metaspace: 4521K->4521K(1056768K)], 0.0337963 secs] [Times: user=0.30 sys=0.01, real=0.03 secs] 
2022-08-16T18:21:18.309+0800: 5.954: [Full GC (Ergonomics) [PSYoungGen: 76057K->66649K(89600K)] [ParOldGen: 101724K->101721K(102400K)] 177782K->168371K(192000K), [Metaspace: 4521K->4521K(1056768K)], 0.0327942 secs] [Times: user=0.22 sys=0.02, real=0.03 secs] 
2022-08-16T18:21:18.353+0800: 5.997: [Full GC (Ergonomics) [PSYoungGen: 76618K->61531K(89600K)] [ParOldGen: 101721K->101765K(102400K)] 178340K->163296K(192000K), [Metaspace: 4521K->4521K(1056768K)], 0.0323267 secs] [Times: user=0.23 sys=0.01, real=0.03 secs] 
2022-08-16T18:21:18.390+0800: 6.034: [Full GC (Ergonomics) [PSYoungGen: 76080K->64602K(89600K)] [ParOldGen: 101765K->101760K(102400K)] 177845K->166362K(192000K), [Metaspace: 4521K->4521K(1056768K)], 0.0322910 secs] [Times: user=0.22 sys=0.00, real=0.03 secs] 
2022-08-16T18:21:18.426+0800: 6.071: [Full GC (Ergonomics) [PSYoungGen: 76719K->62554K(89600K)] [ParOldGen: 101760K->101754K(102400K)] 178480K->164308K(192000K), [Metaspace: 4521K->4521K(1056768K)], 0.0324284 secs] [Times: user=0.13 sys=0.00, real=0.03 secs] 
2022-08-16T18:21:18.469+0800: 6.115: [Full GC (Ergonomics) [PSYoungGen: 76345K->58458K(89600K)] [ParOldGen: 101754K->101796K(102400K)] 178100K->160255K(192000K), [Metaspace: 4521K->4521K(1056768K)], 0.0325899 secs] [Times: user=0.25 sys=0.00, real=0.03 secs] 
2022-08-16T18:21:18.507+0800: 6.152: [Full GC (Ergonomics) [PSYoungGen: 76747K->60506K(89600K)] [ParOldGen: 101796K->101789K(102400K)] 178544K->162296K(192000K), [Metaspace: 4521K->4521K(1056768K)], 0.0331225 secs] [Times: user=0.13 sys=0.02, real=0.03 secs] 
2022-08-16T18:21:18.552+0800: 6.196: [Full GC (Ergonomics) [PSYoungGen: 76192K->63578K(89600K)] [ParOldGen: 101789K->101834K(102400K)] 177982K->165412K(192000K), [Metaspace: 4521K->4521K(1056768K)], 0.0330747 secs] [Times: user=0.14 sys=0.00, real=0.03 secs] 
2022-08-16T18:21:18.590+0800: 6.235: [Full GC (Ergonomics) [PSYoungGen: 75994K->62553K(89600K)] [ParOldGen: 101834K->101827K(102400K)] 177828K->164380K(192000K), [Metaspace: 4521K->4521K(1056768K)], 0.0329279 secs] [Times: user=0.25 sys=0.00, real=0.03 secs] 
2022-08-16T18:21:18.628+0800: 6.273: [Full GC (Ergonomics) [PSYoungGen: 76079K->62552K(89600K)] [ParOldGen: 101827K->101822K(102400K)] 177906K->164375K(192000K), [Metaspace: 4521K->4521K(1056768K)], 0.0331119 secs] [Times: user=0.13 sys=0.00, real=0.03 secs] 
2022-08-16T18:21:18.672+0800: 6.317: [Full GC (Ergonomics) [PSYoungGen: 76424K->62553K(89600K)] [ParOldGen: 101822K->101864K(102400K)] 178247K->164418K(192000K), [Metaspace: 4521K->4521K(1056768K)], 0.0326794 secs] [Times: user=0.25 sys=0.00, real=0.03 secs] 
2022-08-16T18:21:18.710+0800: 6.354: [Full GC (Ergonomics) [PSYoungGen: 75955K->62552K(89600K)] [ParOldGen: 101864K->101860K(102400K)] 177820K->164412K(192000K), [Metaspace: 4521K->4521K(1056768K)], 0.0329339 secs] [Times: user=0.20 sys=0.02, real=0.03 secs] 
2022-08-16T18:21:18.755+0800: 6.399: [Full GC (Ergonomics) [PSYoungGen: 76247K->69765K(89600K)] [ParOldGen: 101860K->101859K(102400K)] 178107K->171624K(192000K), [Metaspace: 4521K->4521K(1056768K)], 0.0338597 secs] [Times: user=0.11 sys=0.02, real=0.03 secs] 
2022-08-16T18:21:18.793+0800: 6.437: [Full GC (Ergonomics) [PSYoungGen: 76552K->62552K(89600K)] [ParOldGen: 101859K->101897K(102400K)] 178411K->164450K(192000K), [Metaspace: 4521K->4521K(1056768K)], 0.0335850 secs] [Times: user=0.22 sys=0.00, real=0.03 secs] 
2022-08-16T18:21:18.830+0800: 6.475: [Full GC (Ergonomics) [PSYoungGen: 75924K->63576K(89600K)] [ParOldGen: 101897K->101893K(102400K)] 177822K->165469K(192000K), [Metaspace: 4521K->4521K(1056768K)], 0.0334865 secs] [Times: user=0.14 sys=0.00, real=0.03 secs] 
2022-08-16T18:21:18.876+0800: 6.521: [Full GC (Ergonomics) [PSYoungGen: 76291K->65668K(89600K)] [ParOldGen: 101893K->101891K(102400K)] 178184K->167560K(192000K), [Metaspace: 4521K->4521K(1056768K)], 0.0332344 secs] [Times: user=0.16 sys=0.00, real=0.03 secs] 
2022-08-16T18:21:18.913+0800: 6.557: [Full GC (Ergonomics) [PSYoungGen: 75927K->55385K(89600K)] [ParOldGen: 101891K->101934K(102400K)] 177818K->157320K(192000K), [Metaspace: 4521K->4521K(1056768K)], 0.0320769 secs] [Times: user=0.20 sys=0.00, real=0.03 secs] 
2022-08-16T18:21:18.957+0800: 6.602: [Full GC (Ergonomics) [PSYoungGen: 76349K->66693K(89600K)] [ParOldGen: 101934K->101933K(102400K)] 178284K->168627K(192000K), [Metaspace: 4521K->4521K(1056768K)], 0.0340442 secs] [Times: user=0.13 sys=0.00, real=0.04 secs] 
2022-08-16T18:21:18.996+0800: 6.640: [Full GC (Ergonomics) [PSYoungGen: 76275K->61571K(89600K)] [ParOldGen: 101933K->101929K(102400K)] 178209K->163501K(192000K), [Metaspace: 4521K->4521K(1056768K)], 0.0332150 secs] [Times: user=0.23 sys=0.00, real=0.03 secs] 
2022-08-16T18:21:19.033+0800: 6.678: [Full GC (Ergonomics) [PSYoungGen: 76301K->65625K(89600K)] [ParOldGen: 101929K->101967K(102400K)] 178230K->167593K(192000K), [Metaspace: 4521K->4521K(1056768K)], 0.0335880 secs] [Times: user=0.13 sys=0.00, real=0.03 secs] 
2022-08-16T18:21:19.078+0800: 6.723: [Full GC (Ergonomics) [PSYoungGen: 76644K->60549K(89600K)] [ParOldGen: 101967K->101966K(102400K)] 178611K->162516K(192000K), [Metaspace: 4521K->4521K(1056768K)], 0.0330179 secs] [Times: user=0.22 sys=0.00, real=0.03 secs] 
2022-08-16T18:21:19.116+0800: 6.761: [Full GC (Ergonomics) [PSYoungGen: 76268K->60505K(89600K)] [ParOldGen: 101966K->102004K(102400K)] 178234K->162509K(192000K), [Metaspace: 4521K->4521K(1056768K)], 0.0336726 secs] [Times: user=0.30 sys=0.02, real=0.03 secs] 
2022-08-16T18:21:19.163+0800: 6.807: [Full GC (Ergonomics) [PSYoungGen: 76284K->58458K(89600K)] [ParOldGen: 102004K->102047K(102400K)] 178289K->160505K(192000K), [Metaspace: 4521K->4521K(1056768K)], 0.0344123 secs] [Times: user=0.27 sys=0.00, real=0.03 secs] 
2022-08-16T18:21:19.204+0800: 6.848: [Full GC (Ergonomics) [PSYoungGen: 76333K->64602K(89600K)] [ParOldGen: 102047K->102042K(102400K)] 178380K->166644K(192000K), [Metaspace: 4521K->4521K(1056768K)], 0.0341973 secs] [Times: user=0.14 sys=0.00, real=0.04 secs] 
2022-08-16T18:21:19.251+0800: 6.896: [Full GC (Ergonomics) [PSYoungGen: 76016K->58502K(89600K)] [ParOldGen: 102042K->102041K(102400K)] 178059K->160544K(192000K), [Metaspace: 4521K->4521K(1056768K)], 0.0335947 secs] [Times: user=0.14 sys=0.00, real=0.03 secs] 
2022-08-16T18:21:19.290+0800: 6.935: [Full GC (Ergonomics) [PSYoungGen: 76467K->62553K(89600K)] [ParOldGen: 102041K->102079K(102400K)] 178509K->164632K(192000K), [Metaspace: 4521K->4521K(1056768K)], 0.0336667 secs] [Times: user=0.25 sys=0.00, real=0.03 secs] 
2022-08-16T18:21:19.328+0800: 6.973: [Full GC (Ergonomics) [PSYoungGen: 76036K->67673K(89600K)] [ParOldGen: 102079K->102076K(102400K)] 178116K->169749K(192000K), [Metaspace: 4521K->4521K(1056768K)], 0.0322926 secs] [Times: user=0.24 sys=0.00, real=0.03 secs] 
2022-08-16T18:21:19.365+0800: 7.009: [Full GC (Ergonomics) [PSYoungGen: 76791K->67679K(89600K)] [ParOldGen: 102076K->102078K(102400K)] 178867K->169757K(192000K), [Metaspace: 4521K->4521K(1056768K)], 0.0330573 secs] [Times: user=0.13 sys=0.00, real=0.03 secs] 
2022-08-16T18:21:19.400+0800: 7.045: [Full GC (Ergonomics) [PSYoungGen: 76097K->65589K(89600K)] [ParOldGen: 102078K->102120K(102400K)] 178175K->167709K(192000K), [Metaspace: 4521K->4521K(1056768K)], 0.0334993 secs] [Times: user=0.25 sys=0.00, real=0.03 secs] 
2022-08-16T18:21:19.455+0800: 7.100: [Full GC (Ergonomics) [PSYoungGen: 76706K->49243K(89600K)] [ParOldGen: 102120K->102158K(102400K)] 178826K->151401K(192000K), [Metaspace: 4521K->4521K(1056768K)], 0.0327771 secs] [Times: user=0.14 sys=0.00, real=0.03 secs] 
2022-08-16T18:21:19.494+0800: 7.139: [Full GC (Ergonomics) [PSYoungGen: 76722K->53339K(89600K)] [ParOldGen: 102158K->102145K(102400K)] 178881K->155484K(192000K), [Metaspace: 4521K->4521K(1056768K)], 0.0331293 secs] [Times: user=0.25 sys=0.00, real=0.03 secs] 
2022-08-16T18:21:19.532+0800: 7.177: [Full GC (Ergonomics) [PSYoungGen: 76439K->64601K(89600K)] [ParOldGen: 102145K->102142K(102400K)] 178584K->166744K(192000K), [Metaspace: 4521K->4521K(1056768K)], 0.0335081 secs] [Times: user=0.22 sys=0.00, real=0.03 secs] 
2022-08-16T18:21:19.569+0800: 7.214: [Full GC (Ergonomics) [PSYoungGen: 76313K->65620K(89600K)] [ParOldGen: 102142K->102148K(102400K)] 178456K->167768K(192000K), [Metaspace: 4521K->4521K(1056768K)], 0.0318007 secs] [Times: user=0.23 sys=0.03, real=0.03 secs] 
2022-08-16T18:21:19.613+0800: 7.258: [Full GC (Ergonomics) [PSYoungGen: 76134K->66605K(89600K)] [ParOldGen: 102148K->102229K(102400K)] 178283K->168835K(192000K), [Metaspace: 4521K->4521K(1056768K)], 0.0342847 secs] [Times: user=0.14 sys=0.00, real=0.04 secs] 
2022-08-16T18:21:19.651+0800: 7.296: [Full GC (Ergonomics) [PSYoungGen: 76592K->65582K(89600K)] [ParOldGen: 102229K->102229K(102400K)] 178822K->167811K(192000K), [Metaspace: 4521K->4521K(1056768K)], 0.0344418 secs] [Times: user=0.22 sys=0.02, real=0.04 secs] 
2022-08-16T18:21:19.698+0800: 7.343: [Full GC (Ergonomics) [PSYoungGen: 76625K->68698K(89600K)] [ParOldGen: 102229K->102229K(102400K)] 178855K->170927K(192000K), [Metaspace: 4521K->4521K(1056768K)], 0.0338840 secs] [Times: user=0.25 sys=0.00, real=0.03 secs] 
2022-08-16T18:21:19.737+0800: 7.381: [Full GC (Ergonomics) [PSYoungGen: 76591K->64602K(89600K)] [ParOldGen: 102229K->102227K(102400K)] 178820K->166829K(192000K), [Metaspace: 4521K->4521K(1056768K)], 0.0341189 secs] [Times: user=0.14 sys=0.00, real=0.04 secs] 
2022-08-16T18:21:19.783+0800: 7.428: [Full GC (Ergonomics) [PSYoungGen: 76027K->56486K(89600K)] [ParOldGen: 102227K->102210K(102400K)] 178255K->158696K(192000K), [Metaspace: 4521K->4521K(1056768K)], 0.0331105 secs] [Times: user=0.14 sys=0.00, real=0.03 secs] 
2022-08-16T18:21:19.822+0800: 7.467: [Full GC (Ergonomics) [PSYoungGen: 75902K->66725K(89600K)] [ParOldGen: 102210K->102205K(102400K)] 178113K->168930K(192000K), [Metaspace: 4521K->4521K(1056768K)], 0.0347567 secs] [Times: user=0.24 sys=0.00, real=0.04 secs] 
2022-08-16T18:21:19.870+0800: 7.514: [Full GC (Ergonomics) [PSYoungGen: 75934K->59558K(89600K)] [ParOldGen: 102205K->102248K(102400K)] 178139K->161806K(192000K), [Metaspace: 4521K->4521K(1056768K)], 0.0343383 secs] [Times: user=0.25 sys=0.00, real=0.04 secs] 
2022-08-16T18:21:19.911+0800: 7.556: [Full GC (Ergonomics) [PSYoungGen: 76505K->63653K(89600K)] [ParOldGen: 102248K->102242K(102400K)] 178754K->165895K(192000K), [Metaspace: 4521K->4521K(1056768K)], 0.0341319 secs] [Times: user=0.17 sys=0.00, real=0.04 secs] 
2022-08-16T18:21:19.959+0800: 7.604: [Full GC (Ergonomics) [PSYoungGen: 76315K->62629K(89600K)] [ParOldGen: 102242K->102285K(102400K)] 178557K->164914K(192000K), [Metaspace: 4521K->4521K(1056768K)], 0.0336049 secs] [Times: user=0.14 sys=0.03, real=0.03 secs] 
2022-08-16T18:21:19.998+0800: 7.642: [Full GC (Ergonomics) [PSYoungGen: 76494K->63652K(89600K)] [ParOldGen: 102285K->102281K(102400K)] 178780K->165934K(192000K), [Metaspace: 4521K->4521K(1056768K)], 0.0339430 secs] [Times: user=0.23 sys=0.00, real=0.03 secs] 
2022-08-16T18:21:20.047+0800: 7.692: [Full GC (Ergonomics) [PSYoungGen: 76303K->52355K(89600K)] [ParOldGen: 102281K->102351K(102400K)] 178585K->154706K(192000K), [Metaspace: 4521K->4521K(1056768K)], 0.0341916 secs] [Times: user=0.23 sys=0.00, real=0.04 secs] 
2022-08-16T18:21:20.087+0800: 7.732: [Full GC (Ergonomics) [PSYoungGen: 76071K->58456K(89600K)] [ParOldGen: 102351K->102388K(102400K)] 178423K->160844K(192000K), [Metaspace: 4521K->4521K(1056768K)], 0.0350936 secs] [Times: user=0.25 sys=0.00, real=0.04 secs] 
2022-08-16T18:21:20.127+0800: 7.772: [Full GC (Ergonomics) [PSYoungGen: 76755K->65623K(89600K)] [ParOldGen: 102388K->102384K(102400K)] 179143K->168007K(192000K), [Metaspace: 4521K->4521K(1056768K)], 0.0345222 secs] [Times: user=0.14 sys=0.00, real=0.03 secs] 
2022-08-16T18:21:20.175+0800: 7.819: [Full GC (Ergonomics) [PSYoungGen: 76011K->66649K(89600K)] [ParOldGen: 102384K->101402K(102400K)] 178396K->168051K(192000K), [Metaspace: 4521K->4521K(1056768K)], 0.0354505 secs] [Times: user=0.11 sys=0.00, real=0.04 secs] 
2022-08-16T18:21:20.217+0800: 7.861: [Full GC (Ergonomics) [PSYoungGen: 76633K->62553K(89600K)] [ParOldGen: 101402K->101402K(102400K)] 178036K->163955K(192000K), [Metaspace: 4521K->4521K(1056768K)], 0.0346610 secs] [Times: user=0.25 sys=0.00, real=0.04 secs] 
2022-08-16T18:21:20.264+0800: 7.909: [Full GC (Ergonomics) [PSYoungGen: 76540K->51289K(89600K)] [ParOldGen: 101402K->101445K(102400K)] 177943K->152735K(192000K), [Metaspace: 4521K->4521K(1056768K)], 0.0339130 secs] [Times: user=0.25 sys=0.00, real=0.04 secs] 
2022-08-16T18:21:20.305+0800: 7.949: [Full GC (Ergonomics) [PSYoungGen: 76557K->59481K(89600K)] [ParOldGen: 101445K->101439K(102400K)] 178002K->160920K(192000K), [Metaspace: 4521K->4521K(1056768K)], 0.0346933 secs] [Times: user=0.23 sys=0.02, real=0.03 secs] 
2022-08-16T18:21:20.354+0800: 7.998: [Full GC (Ergonomics) [PSYoungGen: 76314K->56451K(89600K)] [ParOldGen: 101439K->101439K(102400K)] 177753K->157891K(192000K), [Metaspace: 4521K->4521K(1056768K)], 0.0339933 secs] [Times: user=0.23 sys=0.00, real=0.03 secs] 
2022-08-16T18:21:20.394+0800: 8.038: [Full GC (Ergonomics) [PSYoungGen: 76458K->60461K(89600K)] [ParOldGen: 101439K->101518K(102400K)] 177898K->161980K(192000K), [Metaspace: 4521K->4521K(1056768K)], 0.0344463 secs] [Times: user=0.13 sys=0.00, real=0.03 secs] 
2022-08-16T18:21:20.434+0800: 8.078: [Full GC (Ergonomics) [PSYoungGen: 75987K->61484K(89600K)] [ParOldGen: 101518K->101513K(102400K)] 177506K->162998K(192000K), [Metaspace: 4521K->4521K(1056768K)], 0.0352495 secs] [Times: user=0.25 sys=0.00, real=0.04 secs] 
2022-08-16T18:21:20.483+0800: 8.128: [Full GC (Ergonomics) [PSYoungGen: 75881K->59481K(89600K)] [ParOldGen: 101513K->101513K(102400K)] 177394K->160994K(192000K), [Metaspace: 4523K->4523K(1056768K)], 0.0332366 secs] [Times: user=0.23 sys=0.00, real=0.03 secs] 
2022-08-16T18:21:20.523+0800: 8.168: [Full GC (Ergonomics) [PSYoungGen: 76145K->63533K(89600K)] [ParOldGen: 101513K->101553K(102400K)] 177658K->165087K(192000K), [Metaspace: 4523K->4523K(1056768K)], 0.0359808 secs] [Times: user=0.22 sys=0.00, real=0.04 secs] 
2022-08-16T18:21:20.575+0800: 8.220: [Full GC (Ergonomics) [PSYoungGen: 75968K->64602K(89600K)] [ParOldGen: 101553K->101551K(102400K)] 177522K->166154K(192000K), [Metaspace: 4523K->4523K(1056768K)], 0.0353323 secs] [Times: user=0.25 sys=0.00, real=0.04 secs] 
2022-08-16T18:21:20.616+0800: 8.261: [Full GC (Ergonomics) [PSYoungGen: 75886K->60506K(89600K)] [ParOldGen: 101551K->101545K(102400K)] 177438K->162051K(192000K), [Metaspace: 4523K->4523K(1056768K)], 0.0353743 secs] [Times: user=0.23 sys=0.00, real=0.04 secs] 
2022-08-16T18:21:20.667+0800: 8.312: [Full GC (Ergonomics) [PSYoungGen: 76257K->64645K(89600K)] [ParOldGen: 101545K->101544K(102400K)] 177803K->166190K(192000K), [Metaspace: 4523K->4523K(1056768K)], 0.0372241 secs] [Times: user=0.19 sys=0.00, real=0.04 secs] 
2022-08-16T18:21:20.711+0800: 8.356: [Full GC (Ergonomics) [PSYoungGen: 75893K->59522K(89600K)] [ParOldGen: 101544K->101540K(102400K)] 177438K->161062K(192000K), [Metaspace: 4523K->4523K(1056768K)], 0.0354606 secs] [Times: user=0.22 sys=0.02, real=0.04 secs] 
2022-08-16T18:21:20.763+0800: 8.407: [Full GC (Ergonomics) [PSYoungGen: 76677K->53378K(89600K)] [ParOldGen: 101540K->101582K(102400K)] 178218K->154960K(192000K), [Metaspace: 4523K->4523K(1056768K)], 0.0350033 secs] [Times: user=0.24 sys=0.00, real=0.04 secs] 
2022-08-16T18:21:20.805+0800: 8.450: [Full GC (Ergonomics) [PSYoungGen: 76052K->61529K(89600K)] [ParOldGen: 101582K->101614K(102400K)] 177635K->163144K(192000K), [Metaspace: 4523K->4523K(1056768K)], 0.0351310 secs] [Times: user=0.22 sys=0.01, real=0.04 secs] 
2022-08-16T18:21:20.857+0800: 8.502: [Full GC (Ergonomics) [PSYoungGen: 76213K->64601K(89600K)] [ParOldGen: 101614K->101658K(102400K)] 177827K->166260K(192000K), [Metaspace: 4523K->4523K(1056768K)], 0.0364329 secs] [Times: user=0.25 sys=0.00, real=0.04 secs] 
2022-08-16T18:21:20.899+0800: 8.544: [Full GC (Ergonomics) [PSYoungGen: 75876K->60504K(89600K)] [ParOldGen: 101658K->101653K(102400K)] 177534K->162158K(192000K), [Metaspace: 4523K->4523K(1056768K)], 0.0359949 secs] [Times: user=0.20 sys=0.02, real=0.04 secs] 
2022-08-16T18:21:20.953+0800: 8.597: [Full GC (Ergonomics) [PSYoungGen: 76386K->57434K(89600K)] [ParOldGen: 101653K->101694K(102400K)] 178039K->159128K(192000K), [Metaspace: 4524K->4524K(1056768K)], 0.0346504 secs] [Times: user=0.14 sys=0.00, real=0.03 secs] 
2022-08-16T18:21:20.994+0800: 8.639: [Full GC (Ergonomics) [PSYoungGen: 76787K->60505K(89600K)] [ParOldGen: 101694K->101686K(102400K)] 178482K->162192K(192000K), [Metaspace: 4524K->4524K(1056768K)], 0.0354045 secs] [Times: user=0.25 sys=0.00, real=0.04 secs] 
2022-08-16T18:21:21.037+0800: 8.681: [Full GC (Ergonomics) [PSYoungGen: 76613K->61526K(89600K)] [ParOldGen: 101686K->101683K(102400K)] 178300K->163210K(192000K), [Metaspace: 4524K->4524K(1056768K)], 0.0365183 secs] [Times: user=0.28 sys=0.00, real=0.04 secs] 
2022-08-16T18:21:21.090+0800: 8.735: [Full GC (Ergonomics) [PSYoungGen: 76087K->56409K(89600K)] [ParOldGen: 101683K->101721K(102400K)] 177771K->158131K(192000K), [Metaspace: 4525K->4525K(1056768K)], 0.0354096 secs] [Times: user=0.23 sys=0.00, real=0.04 secs] 
2022-08-16T18:21:21.132+0800: 8.777: [Full GC (Ergonomics) [PSYoungGen: 76420K->64557K(89600K)] [ParOldGen: 101721K->101761K(102400K)] 178141K->166318K(192000K), [Metaspace: 4525K->4525K(1056768K)], 0.0361285 secs] [Times: user=0.23 sys=0.00, real=0.04 secs] 
2022-08-16T18:21:21.185+0800: 8.829: [Full GC (Ergonomics) [PSYoungGen: 75978K->61530K(89600K)] [ParOldGen: 101761K->101759K(102400K)] 177739K->163289K(192000K), [Metaspace: 4525K->4525K(1056768K)], 0.0369596 secs] [Times: user=0.23 sys=0.01, real=0.04 secs] 
2022-08-16T18:21:21.228+0800: 8.873: [Full GC (Ergonomics) [PSYoungGen: 76132K->62553K(89600K)] [ParOldGen: 101759K->101754K(102400K)] 177891K->164308K(192000K), [Metaspace: 4525K->4525K(1056768K)], 0.0367511 secs] [Times: user=0.25 sys=0.00, real=0.04 secs] 
2022-08-16T18:21:21.283+0800: 8.928: [Full GC (Ergonomics) [PSYoungGen: 76014K->58501K(89600K)] [ParOldGen: 101754K->101752K(102400K)] 177769K->160253K(192000K), [Metaspace: 4525K->4525K(1056768K)], 0.0348738 secs] [Times: user=0.14 sys=0.00, real=0.04 secs] 
2022-08-16T18:21:21.324+0800: 8.969: [Full GC (Ergonomics) [PSYoungGen: 76477K->64601K(89600K)] [ParOldGen: 101752K->101790K(102400K)] 178229K->166392K(192000K), [Metaspace: 4525K->4525K(1056768K)], 0.0367976 secs] [Times: user=0.25 sys=0.00, real=0.04 secs] 
2022-08-16T18:21:21.366+0800: 9.010: [Full GC (Ergonomics) [PSYoungGen: 76800K->60506K(89600K)] [ParOldGen: 101790K->101790K(102400K)] 178590K->162297K(192000K), [Metaspace: 4525K->4525K(1056768K)], 0.0351852 secs] [Times: user=0.31 sys=0.00, real=0.04 secs] 
2022-08-16T18:21:21.406+0800: 9.051: [Full GC (Ergonomics) [PSYoungGen: 76779K->70752K(89600K)] [ParOldGen: 101790K->101790K(102400K)] 178570K->172543K(192000K), [Metaspace: 4525K->4525K(1056768K)], 0.0358567 secs] [Times: user=0.13 sys=0.00, real=0.04 secs] 
2022-08-16T18:21:21.447+0800: 9.091: [Full GC (Ergonomics) [PSYoungGen: 76008K->68660K(89600K)] [ParOldGen: 101790K->101834K(102400K)] 177798K->170495K(192000K), [Metaspace: 4525K->4525K(1056768K)], 0.0371066 secs] [Times: user=0.23 sys=0.00, real=0.04 secs] 
2022-08-16T18:21:21.510+0800: 9.155: [Full GC (Ergonomics) [PSYoungGen: 76789K->46169K(89600K)] [ParOldGen: 101834K->101878K(102400K)] 178624K->148048K(192000K), [Metaspace: 4525K->4525K(1056768K)], 0.0345440 secs] [Times: user=0.23 sys=0.02, real=0.04 secs] 
2022-08-16T18:21:21.567+0800: 9.211: [Full GC (Ergonomics) [PSYoungGen: 76543K->61574K(89600K)] [ParOldGen: 101878K->101876K(102400K)] 178422K->163450K(192000K), [Metaspace: 4525K->4525K(1056768K)], 0.0360935 secs] [Times: user=0.17 sys=0.00, real=0.04 secs] 
2022-08-16T18:21:21.609+0800: 9.254: [Full GC (Ergonomics) [PSYoungGen: 76316K->61573K(89600K)] [ParOldGen: 101876K->101863K(102400K)] 178192K->163436K(192000K), [Metaspace: 4525K->4525K(1056768K)], 0.0356021 secs] [Times: user=0.09 sys=0.00, real=0.04 secs] 
2022-08-16T18:21:21.658+0800: 9.304: [Full GC (Ergonomics) [PSYoungGen: 76477K->57434K(89600K)] [ParOldGen: 101863K->101950K(102400K)] 178340K->159384K(192000K), [Metaspace: 4525K->4525K(1056768K)], 0.0367243 secs] [Times: user=0.11 sys=0.00, real=0.04 secs] 
2022-08-16T18:21:21.705+0800: 9.350: [Full GC (Ergonomics) [PSYoungGen: 76335K->54317K(89600K)] [ParOldGen: 101950K->101995K(102400K)] 178286K->156312K(192000K), [Metaspace: 4525K->4525K(1056768K)], 0.0358595 secs] [Times: user=0.14 sys=0.00, real=0.04 secs] 
2022-08-16T18:21:21.758+0800: 9.403: [Full GC (Ergonomics) [PSYoungGen: 76607K->57434K(89600K)] [ParOldGen: 101995K->101993K(102400K)] 178602K->159427K(192000K), [Metaspace: 4525K->4525K(1056768K)], 0.0364683 secs] [Times: user=0.25 sys=0.01, real=0.04 secs] 
2022-08-16T18:21:21.801+0800: 9.446: [Full GC (Ergonomics) [PSYoungGen: 76441K->64601K(89600K)] [ParOldGen: 101993K->101989K(102400K)] 178435K->166590K(192000K), [Metaspace: 4525K->4525K(1056768K)], 0.0366298 secs] [Times: user=0.28 sys=0.02, real=0.04 secs] 
2022-08-16T18:21:21.853+0800: 9.498: [Full GC (Ergonomics) [PSYoungGen: 75828K->63577K(89600K)] [ParOldGen: 101989K->102033K(102400K)] 177817K->165610K(192000K), [Metaspace: 4525K->4525K(1056768K)], 0.0375029 secs] [Times: user=0.22 sys=0.00, real=0.04 secs] 
2022-08-16T18:21:21.898+0800: 9.543: [Full GC (Ergonomics) [PSYoungGen: 76795K->67673K(89600K)] [ParOldGen: 102033K->102033K(102400K)] 178828K->169707K(192000K), [Metaspace: 4525K->4525K(1056768K)], 0.0371231 secs] [Times: user=0.25 sys=0.00, real=0.04 secs] 
2022-08-16T18:21:21.952+0800: 9.596: [Full GC (Ergonomics) [PSYoungGen: 76755K->58458K(89600K)] [ParOldGen: 102033K->102077K(102400K)] 178788K->160535K(192000K), [Metaspace: 4525K->4525K(1056768K)], 0.0366553 secs] [Times: user=0.25 sys=0.00, real=0.04 secs] 
2022-08-16T18:21:21.996+0800: 9.640: [Full GC (Ergonomics) [PSYoungGen: 76325K->58457K(89600K)] [ParOldGen: 102077K->102070K(102400K)] 178402K->160528K(192000K), [Metaspace: 4525K->4525K(1056768K)], 0.0356323 secs] [Times: user=0.25 sys=0.00, real=0.04 secs] 
2022-08-16T18:21:22.038+0800: 9.683: [Full GC (Ergonomics) [PSYoungGen: 76772K->63576K(89600K)] [ParOldGen: 102070K->102066K(102400K)] 178842K->165643K(192000K), [Metaspace: 4525K->4525K(1056768K)], 0.0367960 secs] [Times: user=0.27 sys=0.00, real=0.04 secs] 
2022-08-16T18:21:22.080+0800: 9.725: [Full GC (Ergonomics) [PSYoungGen: 75955K->59436K(89600K)] [ParOldGen: 102066K->102110K(102400K)] 178021K->161546K(192000K), [Metaspace: 4525K->4525K(1056768K)], 0.0371653 secs] [Times: user=0.14 sys=0.00, real=0.04 secs] 
2022-08-16T18:21:22.139+0800: 9.784: [Full GC (Ergonomics) [PSYoungGen: 76451K->51245K(89600K)] [ParOldGen: 102110K->102150K(102400K)] 178562K->153396K(192000K), [Metaspace: 4525K->4525K(1056768K)], 0.0405617 secs] [Times: user=0.14 sys=0.00, real=0.04 secs] 
2022-08-16T18:21:22.203+0800: 9.847: [Full GC (Ergonomics) [PSYoungGen: 76010K->57433K(89600K)] [ParOldGen: 102150K->102147K(102400K)] 178161K->159581K(192000K), [Metaspace: 4525K->4525K(1056768K)], 0.0374096 secs] [Times: user=0.13 sys=0.00, real=0.04 secs] 
2022-08-16T18:21:22.262+0800: 9.906: [Full GC (Ergonomics) [PSYoungGen: 76492K->64645K(89600K)] [ParOldGen: 102147K->102145K(102400K)] 178640K->166791K(192000K), [Metaspace: 4525K->4525K(1056768K)], 0.0398045 secs] [Times: user=0.22 sys=0.00, real=0.04 secs] 
2022-08-16T18:21:22.308+0800: 9.953: [Full GC (Ergonomics) [PSYoungGen: 76754K->60548K(89600K)] [ParOldGen: 102145K->102139K(102400K)] 178900K->162688K(192000K), [Metaspace: 4525K->4525K(1056768K)], 0.0384126 secs] [Times: user=0.24 sys=0.00, real=0.04 secs] 
2022-08-16T18:21:22.366+0800: 10.011: [Full GC (Ergonomics) [PSYoungGen: 76105K->60549K(89600K)] [ParOldGen: 102139K->102182K(102400K)] 178244K->162732K(192000K), [Metaspace: 4525K->4525K(1056768K)], 0.0367632 secs] [Times: user=0.23 sys=0.00, real=0.04 secs] 
2022-08-16T18:21:22.412+0800: 10.057: [Full GC (Ergonomics) [PSYoungGen: 76123K->62553K(89600K)] [ParOldGen: 102182K->102225K(102400K)] 178306K->164778K(192000K), [Metaspace: 4525K->4525K(1056768K)], 0.0384844 secs] [Times: user=0.31 sys=0.01, real=0.04 secs] 
2022-08-16T18:21:22.472+0800: 10.117: [Full GC (Ergonomics) [PSYoungGen: 76071K->52313K(89600K)] [ParOldGen: 102225K->102265K(102400K)] 178297K->154579K(192000K), [Metaspace: 4525K->4525K(1056768K)], 0.0373024 secs] [Times: user=0.22 sys=0.03, real=0.04 secs] 
2022-08-16T18:21:22.520+0800: 10.166: [Full GC (Ergonomics) [PSYoungGen: 76784K->53334K(89600K)] [ParOldGen: 102265K->102254K(102400K)] 179050K->155589K(192000K), [Metaspace: 4525K->4525K(1056768K)], 0.0376996 secs] [Times: user=0.30 sys=0.02, real=0.04 secs] 
2022-08-16T18:21:22.577+0800: 10.221: [Full GC (Ergonomics) [PSYoungGen: 76751K->54361K(89600K)] [ParOldGen: 102254K->102296K(102400K)] 179005K->156657K(192000K), [Metaspace: 4525K->4525K(1056768K)], 0.0364622 secs] [Times: user=0.14 sys=0.00, real=0.04 secs] 
2022-08-16T18:21:22.624+0800: 10.269: [Full GC (Ergonomics) [PSYoungGen: 76798K->64557K(89600K)] [ParOldGen: 102296K->102339K(102400K)] 179095K->166896K(192000K), [Metaspace: 4525K->4525K(1056768K)], 0.0389475 secs] [Times: user=0.13 sys=0.00, real=0.04 secs] 
2022-08-16T18:21:22.669+0800: 10.313: [Full GC (Ergonomics) [PSYoungGen: 76320K->56365K(89600K)] [ParOldGen: 102339K->102339K(102400K)] 178660K->158704K(192000K), [Metaspace: 4525K->4525K(1056768K)], 0.0364904 secs] [Times: user=0.23 sys=0.00, real=0.04 secs] 
2022-08-16T18:21:22.730+0800: 10.374: [Full GC (Ergonomics) [PSYoungGen: 76366K->52308K(89600K)] [ParOldGen: 102339K->102341K(102400K)] 178705K->154650K(192000K), [Metaspace: 4526K->4526K(1056768K)], 0.0368646 secs] [Times: user=0.22 sys=0.00, real=0.04 secs] 
2022-08-16T18:21:22.792+0800: 10.436: [Full GC (Ergonomics) [PSYoungGen: 76743K->63578K(89600K)] [ParOldGen: 102341K->102377K(102400K)] 179085K->165956K(192000K), [Metaspace: 4526K->4526K(1056768K)], 0.0386368 secs] [Times: user=0.23 sys=0.00, real=0.04 secs] 
2022-08-16T18:21:22.837+0800: 10.482: [Full GC (Ergonomics) [PSYoungGen: 75834K->58457K(89600K)] [ParOldGen: 102377K->102369K(102400K)] 178212K->160826K(192000K), [Metaspace: 4526K->4526K(1056768K)], 0.0376630 secs] [Times: user=0.23 sys=0.00, real=0.04 secs] 
2022-08-16T18:21:22.899+0800: 10.544: [Full GC (Ergonomics) [PSYoungGen: 76312K->62597K(89600K)] [ParOldGen: 102369K->101343K(102400K)] 178682K->163941K(192000K), [Metaspace: 4526K->4526K(1056768K)], 0.0381812 secs] [Times: user=0.23 sys=0.00, real=0.04 secs] 
2022-08-16T18:21:22.959+0800: 10.603: [Full GC (Ergonomics) [PSYoungGen: 75787K->57478K(89600K)] [ParOldGen: 101343K->101386K(102400K)] 177131K->158864K(192000K), [Metaspace: 4526K->4526K(1056768K)], 0.0397774 secs] [Times: user=0.33 sys=0.00, real=0.04 secs] 
2022-08-16T18:21:23.009+0800: 10.653: [Full GC (Ergonomics) [PSYoungGen: 76506K->60505K(89600K)] [ParOldGen: 101386K->101423K(102400K)] 177892K->161929K(192000K), [Metaspace: 4526K->4526K(1056768K)], 0.0395991 secs] [Times: user=0.22 sys=0.00, real=0.04 secs] 
2022-08-16T18:21:23.071+0800: 10.715: [Full GC (Ergonomics) [PSYoungGen: 75969K->53382K(89600K)] [ParOldGen: 101423K->101422K(102400K)] 177393K->154804K(192000K), [Metaspace: 4526K->4526K(1056768K)], 0.0388193 secs] [Times: user=0.23 sys=0.01, real=0.04 secs] 
2022-08-16T18:21:23.121+0800: 10.765: [Full GC (Ergonomics) [PSYoungGen: 76624K->61529K(89600K)] [ParOldGen: 101422K->101464K(102400K)] 178047K->162994K(192000K), [Metaspace: 4526K->4526K(1056768K)], 0.0415689 secs] [Times: user=0.13 sys=0.00, real=0.04 secs] 
2022-08-16T18:21:23.196+0800: 10.841: [Full GC (Ergonomics) [PSYoungGen: 76052K->49241K(89600K)] [ParOldGen: 101464K->101499K(102400K)] 177516K->150741K(192000K), [Metaspace: 4526K->4526K(1056768K)], 0.0379443 secs] [Times: user=0.25 sys=0.00, real=0.04 secs] 
2022-08-16T18:21:23.262+0800: 10.907: [Full GC (Ergonomics) [PSYoungGen: 76768K->53337K(89600K)] [ParOldGen: 101499K->101540K(102400K)] 178267K->154878K(192000K), [Metaspace: 4526K->4526K(1056768K)], 0.0391705 secs] [Times: user=0.14 sys=0.00, real=0.04 secs] 
2022-08-16T18:21:23.310+0800: 10.955: [Full GC (Ergonomics) [PSYoungGen: 76542K->55384K(89600K)] [ParOldGen: 101540K->101530K(102400K)] 178082K->156914K(192000K), [Metaspace: 4526K->4526K(1056768K)], 0.0379115 secs] [Times: user=0.13 sys=0.00, real=0.04 secs] 
2022-08-16T18:21:23.369+0800: 11.014: [Full GC (Ergonomics) [PSYoungGen: 76277K->61529K(89600K)] [ParOldGen: 101530K->101572K(102400K)] 177807K->163101K(192000K), [Metaspace: 4527K->4527K(1056768K)], 0.0400981 secs] [Times: user=0.25 sys=0.00, real=0.04 secs] 
2022-08-16T18:21:23.421+0800: 11.066: [Full GC (Ergonomics) [PSYoungGen: 75963K->60461K(89600K)] [ParOldGen: 101572K->101615K(102400K)] 177535K->162076K(192000K), [Metaspace: 4527K->4527K(1056768K)], 0.0382845 secs] [Times: user=0.14 sys=0.00, real=0.04 secs] 
2022-08-16T18:21:23.482+0800: 11.128: [Full GC (Ergonomics) [PSYoungGen: 76086K->53337K(89600K)] [ParOldGen: 101615K->101613K(102400K)] 177702K->154951K(192000K), [Metaspace: 4527K->4527K(1056768K)], 0.0383053 secs] [Times: user=0.14 sys=0.00, real=0.04 secs] 
2022-08-16T18:21:23.530+0800: 11.175: [Full GC (Ergonomics) [PSYoungGen: 76524K->58412K(89600K)] [ParOldGen: 101613K->101651K(102400K)] 178138K->160064K(192000K), [Metaspace: 4527K->4527K(1056768K)], 0.0383791 secs] [Times: user=0.14 sys=0.00, real=0.04 secs] 
2022-08-16T18:21:23.593+0800: 11.238: [Full GC (Ergonomics) [PSYoungGen: 75991K->56409K(89600K)] [ParOldGen: 101651K->101650K(102400K)] 177643K->158059K(192000K), [Metaspace: 4527K->4527K(1056768K)], 0.0379966 secs] [Times: user=0.13 sys=0.02, real=0.04 secs] 
2022-08-16T18:21:23.659+0800: 11.304: [Full GC (Ergonomics) [PSYoungGen: 76230K->56409K(89600K)] [ParOldGen: 101650K->101692K(102400K)] 177880K->158102K(192000K), [Metaspace: 4527K->4527K(1056768K)], 0.0405085 secs] [Times: user=0.36 sys=0.00, real=0.04 secs] 
2022-08-16T18:21:23.707+0800: 11.352: [Full GC (Ergonomics) [PSYoungGen: 76379K->63578K(89600K)] [ParOldGen: 101692K->101687K(102400K)] 178071K->165265K(192000K), [Metaspace: 4527K->4527K(1056768K)], 0.0415513 secs] [Times: user=0.25 sys=0.02, real=0.04 secs] 
2022-08-16T18:21:23.772+0800: 11.416: [Full GC (Ergonomics) [PSYoungGen: 75837K->59526K(89600K)] [ParOldGen: 101687K->101687K(102400K)] 177524K->161213K(192000K), [Metaspace: 4527K->4527K(1056768K)], 0.0398038 secs] [Times: user=0.31 sys=0.00, real=0.04 secs] 
2022-08-16T18:21:23.824+0800: 11.469: [Full GC (Ergonomics) [PSYoungGen: 76020K->61530K(89600K)] [ParOldGen: 101687K->101729K(102400K)] 177707K->163259K(192000K), [Metaspace: 4527K->4527K(1056768K)], 0.0390952 secs] [Times: user=0.14 sys=0.00, real=0.04 secs] 
2022-08-16T18:21:23.886+0800: 11.530: [Full GC (Ergonomics) [PSYoungGen: 76256K->58457K(89600K)] [ParOldGen: 101729K->101773K(102400K)] 177985K->160231K(192000K), [Metaspace: 4527K->4527K(1056768K)], 0.0379985 secs] [Times: user=0.25 sys=0.00, real=0.04 secs] 
2022-08-16T18:21:23.931+0800: 11.576: [Full GC (Ergonomics) [PSYoungGen: 76306K->62552K(89600K)] [ParOldGen: 101773K->101768K(102400K)] 178080K->164321K(192000K), [Metaspace: 4527K->4527K(1056768K)], 0.0386516 secs] [Times: user=0.22 sys=0.00, real=0.04 secs] 
2022-08-16T18:21:23.977+0800: 11.622: [Full GC (Ergonomics) [PSYoungGen: 76346K->55343K(89600K)] [ParOldGen: 101768K->101811K(102400K)] 178115K->157155K(192000K), [Metaspace: 4527K->4527K(1056768K)], 0.0386468 secs] [Times: user=0.25 sys=0.01, real=0.04 secs] 
2022-08-16T18:21:24.062+0800: 11.706: [Full GC (Ergonomics) [PSYoungGen: 76384K->52313K(89600K)] [ParOldGen: 101811K->101854K(102400K)] 178196K->154167K(192000K), [Metaspace: 4527K->4527K(1056768K)], 0.0403331 secs] [Times: user=0.16 sys=0.00, real=0.04 secs] 
2022-08-16T18:21:24.117+0800: 11.761: [Full GC (Ergonomics) [PSYoungGen: 76620K->56409K(89600K)] [ParOldGen: 101854K->101844K(102400K)] 178474K->158254K(192000K), [Metaspace: 4527K->4527K(1056768K)], 0.0393892 secs] [Times: user=0.27 sys=0.00, real=0.04 secs] 
2022-08-16T18:21:24.183+0800: 11.827: [Full GC (Ergonomics) [PSYoungGen: 76379K->58499K(89600K)] [ParOldGen: 101844K->101844K(102400K)] 178224K->160344K(192000K), [Metaspace: 4527K->4527K(1056768K)], 0.0424927 secs] [Times: user=0.13 sys=0.00, real=0.04 secs] 
2022-08-16T18:21:24.237+0800: 11.882: [Full GC (Ergonomics) [PSYoungGen: 76237K->57432K(89600K)] [ParOldGen: 101844K->101877K(102400K)] 178081K->159309K(192000K), [Metaspace: 4527K->4527K(1056768K)], 0.0399806 secs] [Times: user=0.27 sys=0.00, real=0.04 secs] 
2022-08-16T18:21:24.310+0800: 11.955: [Full GC (Ergonomics) [PSYoungGen: 76330K->43094K(89600K)] [ParOldGen: 101877K->101918K(102400K)] 178207K->145012K(192000K), [Metaspace: 4527K->4527K(1056768K)], 0.0383011 secs] [Times: user=0.14 sys=0.00, real=0.04 secs] 
2022-08-16T18:21:24.379+0800: 12.024: [Full GC (Ergonomics) [PSYoungGen: 76420K->60506K(89600K)] [ParOldGen: 101918K->101956K(102400K)] 178338K->162462K(192000K), [Metaspace: 4527K->4527K(1056768K)], 0.0400797 secs] [Times: user=0.28 sys=0.00, real=0.04 secs] 
2022-08-16T18:21:24.428+0800: 12.072: [Full GC (Ergonomics) [PSYoungGen: 76780K->61529K(89600K)] [ParOldGen: 101956K->101949K(102400K)] 178736K->163478K(192000K), [Metaspace: 4527K->4527K(1056768K)], 0.0410775 secs] [Times: user=0.24 sys=0.00, real=0.04 secs] 
2022-08-16T18:21:24.496+0800: 12.140: [Full GC (Ergonomics) [PSYoungGen: 75869K->50265K(89600K)] [ParOldGen: 101949K->101993K(102400K)] 177818K->152258K(192000K), [Metaspace: 4527K->4527K(1056768K)], 0.0398577 secs] [Times: user=0.14 sys=0.00, real=0.04 secs] 
2022-08-16T18:21:24.562+0800: 12.208: [Full GC (Ergonomics) [PSYoungGen: 76639K->64643K(89600K)] [ParOldGen: 101993K->101993K(102400K)] 178632K->166637K(192000K), [Metaspace: 4527K->4527K(1056768K)], 0.0419338 secs] [Times: user=0.25 sys=0.00, real=0.04 secs] 
2022-08-16T18:21:24.614+0800: 12.259: [Full GC (Ergonomics) [PSYoungGen: 76745K->53336K(89600K)] [ParOldGen: 101993K->102024K(102400K)] 178739K->155361K(192000K), [Metaspace: 4527K->4527K(1056768K)], 0.0395305 secs] [Times: user=0.28 sys=0.01, real=0.04 secs] 
2022-08-16T18:21:24.683+0800: 12.327: [Full GC (Ergonomics) [PSYoungGen: 76732K->54403K(89600K)] [ParOldGen: 102024K->102025K(102400K)] 178757K->156428K(192000K), [Metaspace: 4527K->4527K(1056768K)], 0.0429107 secs] [Times: user=0.14 sys=0.00, real=0.04 secs] 
2022-08-16T18:21:24.739+0800: 12.384: [Full GC (Ergonomics) [PSYoungGen: 76381K->58413K(89600K)] [ParOldGen: 102025K->102099K(102400K)] 178406K->160513K(192000K), [Metaspace: 4527K->4527K(1056768K)], 0.0410664 secs] [Times: user=0.24 sys=0.02, real=0.04 secs] 
2022-08-16T18:21:24.811+0800: 12.456: [Full GC (Ergonomics) [PSYoungGen: 76039K->51289K(89600K)] [ParOldGen: 102099K->102096K(102400K)] 178139K->153386K(192000K), [Metaspace: 4527K->4527K(1056768K)], 0.0395350 secs] [Times: user=0.14 sys=0.00, real=0.04 secs] 
2022-08-16T18:21:24.878+0800: 12.522: [Full GC (Ergonomics) [PSYoungGen: 76764K->56409K(89600K)] [ParOldGen: 102096K->102137K(102400K)] 178861K->158547K(192000K), [Metaspace: 4527K->4527K(1056768K)], 0.0414384 secs] [Times: user=0.28 sys=0.02, real=0.04 secs] 
2022-08-16T18:21:24.929+0800: 12.573: [Full GC (Ergonomics) [PSYoungGen: 76388K->58456K(89600K)] [ParOldGen: 102137K->102131K(102400K)] 178526K->160588K(192000K), [Metaspace: 4527K->4527K(1056768K)], 0.0405685 secs] [Times: user=0.19 sys=0.00, real=0.04 secs] 
2022-08-16T18:21:24.998+0800: 12.642: [Full GC (Ergonomics) [PSYoungGen: 76077K->57432K(89600K)] [ParOldGen: 102131K->102174K(102400K)] 178209K->159606K(192000K), [Metaspace: 4527K->4527K(1056768K)], 0.0408902 secs] [Times: user=0.14 sys=0.00, real=0.04 secs] 
2022-08-16T18:21:25.061+0800: 12.706: [Full GC (Ergonomics) [PSYoungGen: 76093K->52313K(89600K)] [ParOldGen: 102174K->102216K(102400K)] 178267K->154530K(192000K), [Metaspace: 4527K->4527K(1056768K)], 0.0414604 secs] [Times: user=0.13 sys=0.00, real=0.04 secs] 
2022-08-16T18:21:25.114+0800: 12.759: [Full GC (Ergonomics) [PSYoungGen: 76719K->54361K(89600K)] [ParOldGen: 102216K->102205K(102400K)] 178935K->156567K(192000K), [Metaspace: 4527K->4527K(1056768K)], 0.0407402 secs] [Times: user=0.28 sys=0.00, real=0.04 secs] 
2022-08-16T18:21:25.189+0800: 12.834: [Full GC (Ergonomics) [PSYoungGen: 76253K->53318K(89600K)] [ParOldGen: 102205K->102267K(102400K)] 178458K->155586K(192000K), [Metaspace: 4527K->4527K(1056768K)], 0.0423793 secs] [Times: user=0.27 sys=0.03, real=0.04 secs] 
2022-08-16T18:21:25.269+0800: 12.914: [Full GC (Ergonomics) [PSYoungGen: 76462K->54361K(89600K)] [ParOldGen: 102267K->102289K(102400K)] 178729K->156651K(192000K), [Metaspace: 4527K->4527K(1056768K)], 0.0413897 secs] [Times: user=0.25 sys=0.00, real=0.04 secs] 
2022-08-16T18:21:25.320+0800: 12.964: [Full GC (Ergonomics) [PSYoungGen: 76409K->68697K(89600K)] [ParOldGen: 102289K->102287K(102400K)] 178699K->170985K(192000K), [Metaspace: 4527K->4527K(1056768K)], 0.0430908 secs] [Times: user=0.25 sys=0.00, real=0.04 secs] 
2022-08-16T18:21:25.371+0800: 13.015: [Full GC (Ergonomics) [PSYoungGen: 76486K->57434K(89600K)] [ParOldGen: 102287K->102287K(102400K)] 178773K->159722K(192000K), [Metaspace: 4527K->4527K(1056768K)], 0.0411825 secs] [Times: user=0.14 sys=0.00, real=0.04 secs] 
2022-08-16T18:21:25.421+0800: 13.065: [Full GC (Ergonomics) [PSYoungGen: 75871K->57348K(89600K)] [ParOldGen: 102287K->102376K(102400K)] 178158K->159724K(192000K), [Metaspace: 4527K->4527K(1056768K)], 0.0408096 secs] [Times: user=0.16 sys=0.00, real=0.04 secs] 
2022-08-16T18:21:25.470+0800: 13.115: [Full GC (Ergonomics) [PSYoungGen: 76262K->64517K(89600K)] [ParOldGen: 102376K->102376K(102400K)] 178639K->166894K(192000K), [Metaspace: 4527K->4527K(1056768K)], 0.0425330 secs] [Times: user=0.28 sys=0.00, real=0.04 secs] 
2022-08-16T18:21:25.521+0800: 13.165: [Full GC (Ergonomics) [PSYoungGen: 76392K->56326K(89600K)] [ParOldGen: 102376K->102376K(102400K)] 178768K->158702K(192000K), [Metaspace: 4527K->4527K(1056768K)], 0.0404638 secs] [Times: user=0.30 sys=0.03, real=0.04 secs] 
2022-08-16T18:21:25.622+0800: 13.267: [Full GC (Ergonomics) [PSYoungGen: 76414K->47236K(89600K)] [ParOldGen: 102376K->102376K(102400K)] 178790K->149612K(192000K), [Metaspace: 4527K->4527K(1056768K)], 0.0399966 secs] [Times: user=0.14 sys=0.00, real=0.04 secs] 
2022-08-16T18:21:25.700+0800: 13.345: [Full GC (Ergonomics) [PSYoungGen: 76014K->55534K(89600K)] [ParOldGen: 102376K->102344K(102400K)] 178391K->157878K(192000K), [Metaspace: 4527K->4527K(1056768K)], 0.0424361 secs] [Times: user=0.14 sys=0.00, real=0.04 secs] 
2022-08-16T18:21:25.764+0800: 13.409: [Full GC (Ergonomics) [PSYoungGen: 76480K->51480K(89600K)] [ParOldGen: 102344K->102344K(102400K)] 178824K->153825K(192000K), [Metaspace: 4527K->4527K(1056768K)], 0.0413242 secs] [Times: user=0.16 sys=0.00, real=0.04 secs] 
2022-08-16T18:21:25.825+0800: 13.470: [Full GC (Ergonomics) [PSYoungGen: 75823K->62618K(89600K)] [ParOldGen: 102344K->101445K(102400K)] 178168K->164063K(192000K), [Metaspace: 4527K->4527K(1056768K)], 0.0422001 secs] [Times: user=0.16 sys=0.00, real=0.04 secs] 
2022-08-16T18:21:25.889+0800: 13.534: [Full GC (Ergonomics) [PSYoungGen: 75841K->60506K(89600K)] [ParOldGen: 101445K->101553K(102400K)] 177287K->162059K(192000K), [Metaspace: 4527K->4527K(1056768K)], 0.0424423 secs] [Times: user=0.13 sys=0.00, real=0.04 secs] 
2022-08-16T18:21:25.966+0800: 13.611: [Full GC (Ergonomics) [PSYoungGen: 76752K->50265K(89600K)] [ParOldGen: 101553K->101596K(102400K)] 178305K->151862K(192000K), [Metaspace: 4527K->4527K(1056768K)], 0.0412804 secs] [Times: user=0.16 sys=0.00, real=0.04 secs] 
2022-08-16T18:21:26.016+0800: 13.662: [Full GC (Ergonomics) [PSYoungGen: 76224K->60506K(89600K)] [ParOldGen: 101596K->101596K(102400K)] 177821K->162102K(192000K), [Metaspace: 4527K->4527K(1056768K)], 0.0434047 secs] [Times: user=0.27 sys=0.00, real=0.05 secs] 
2022-08-16T18:21:26.089+0800: 13.733: [Full GC (Ergonomics) [PSYoungGen: 76003K->54361K(89600K)] [ParOldGen: 101596K->101640K(102400K)] 177600K->156002K(192000K), [Metaspace: 4527K->4527K(1056768K)], 0.0469060 secs] [Times: user=0.13 sys=0.02, real=0.05 secs] 
2022-08-16T18:21:26.166+0800: 13.811: [Full GC (Ergonomics) [PSYoungGen: 76685K->47193K(89600K)] [ParOldGen: 101640K->101682K(102400K)] 178326K->148876K(192000K), [Metaspace: 4529K->4529K(1056768K)], 0.0488446 secs] [Times: user=0.13 sys=0.00, real=0.05 secs] 
2022-08-16T18:21:26.234+0800: 13.879: [Full GC (Ergonomics) [PSYoungGen: 76727K->54360K(89600K)] [ParOldGen: 101682K->101667K(102400K)] 178409K->156028K(192000K), [Metaspace: 4529K->4529K(1056768K)], 0.0497125 secs] [Times: user=0.22 sys=0.00, real=0.05 secs] 
2022-08-16T18:21:26.325+0800: 13.970: [Full GC (Ergonomics) [PSYoungGen: 76245K->51245K(89600K)] [ParOldGen: 101667K->101749K(102400K)] 177913K->152995K(192000K), [Metaspace: 4529K->4529K(1056768K)], 0.0453903 secs] [Times: user=0.14 sys=0.00, real=0.05 secs] 
2022-08-16T18:21:27.843+0800: 15.487: [Full GC (Ergonomics) [PSYoungGen: 76193K->0K(89600K)] [ParOldGen: 101749K->9351K(102400K)] 177943K->9351K(192000K), [Metaspace: 4530K->4530K(1056768K)], 0.0285455 secs] [Times: user=0.06 sys=0.05, real=0.03 secs] 
2022-08-16T18:21:27.944+0800: 15.588: [GC (Allocation Failure) [PSYoungGen: 76255K->12448K(89600K)] 85606K->81192K(192000K), 0.0249239 secs] [Times: user=0.05 sys=0.00, real=0.03 secs] 
2022-08-16T18:21:27.975+0800: 15.620: [Full GC (Ergonomics) [PSYoungGen: 12448K->0K(89600K)] [ParOldGen: 68744K->80995K(102400K)] 81192K->80995K(192000K), [Metaspace: 4530K->4530K(1056768K)], 0.0652561 secs] [Times: user=0.13 sys=0.00, real=0.07 secs] 
2022-08-16T18:21:28.198+0800: 15.842: [Full GC (Ergonomics) [PSYoungGen: 75898K->36864K(89600K)] [ParOldGen: 80995K->101605K(102400K)] 156894K->138470K(192000K), [Metaspace: 4531K->4531K(1056768K)], 0.2916018 secs] [Times: user=0.27 sys=0.00, real=0.30 secs] 
2022-08-16T18:21:29.009+0800: 16.655: [Full GC (Ergonomics) [PSYoungGen: 75805K->0K(89600K)] [ParOldGen: 101605K->53825K(102400K)] 177411K->53825K(192000K), [Metaspace: 4534K->4534K(1056768K)], 0.0381307 secs] [Times: user=0.13 sys=0.00, real=0.04 secs] 
2022-08-16T18:21:29.113+0800: 16.758: [Full GC (Ergonomics) [PSYoungGen: 76061K->12288K(89600K)] [ParOldGen: 53825K->101991K(102400K)] 129886K->114279K(192000K), [Metaspace: 4534K->4534K(1056768K)], 0.0552062 secs] [Times: user=0.20 sys=0.00, real=0.06 secs] 
2022-08-16T18:21:29.238+0800: 16.882: [Full GC (Ergonomics) [PSYoungGen: 76506K->54272K(89600K)] [ParOldGen: 101991K->102029K(102400K)] 178498K->156302K(192000K), [Metaspace: 4534K->4534K(1056768K)], 0.0536183 secs] [Times: user=0.19 sys=0.02, real=0.05 secs] 
2022-08-16T18:21:29.403+0800: 17.048: [Full GC (Ergonomics) [PSYoungGen: 76503K->48217K(89600K)] [ParOldGen: 102029K->102025K(102400K)] 178532K->150243K(192000K), [Metaspace: 4534K->4534K(1056768K)], 0.0535639 secs] [Times: user=0.19 sys=0.00, real=0.06 secs] 
2022-08-16T18:21:29.521+0800: 17.166: [Full GC (Ergonomics) [PSYoungGen: 76769K->52358K(89600K)] [ParOldGen: 102025K->102021K(102400K)] 178794K->154379K(192000K), [Metaspace: 4534K->4534K(1056768K)], 0.0576788 secs] [Times: user=0.19 sys=0.00, real=0.06 secs] 
2022-08-16T18:21:29.622+0800: 17.266: [Full GC (Ergonomics) [PSYoungGen: 76788K->55385K(89600K)] [ParOldGen: 102021K->102107K(102400K)] 178810K->157493K(192000K), [Metaspace: 4534K->4534K(1056768K)], 0.0685663 secs] [Times: user=0.16 sys=0.00, real=0.07 secs] 
2022-08-16T18:21:29.841+0800: 17.486: [Full GC (Ergonomics) [PSYoungGen: 76788K->17495K(89600K)] [ParOldGen: 102107K->102192K(102400K)] 178895K->119688K(192000K), [Metaspace: 4534K->4534K(1056768K)], 0.0512189 secs] [Times: user=0.13 sys=0.00, real=0.05 secs] 
2022-08-16T18:21:30.012+0800: 17.656: [Full GC (Ergonomics) [PSYoungGen: 76685K->23552K(89600K)] [ParOldGen: 102192K->102358K(102400K)] 178877K->125910K(192000K), [Metaspace: 4534K->4534K(1056768K)], 0.0552083 secs] [Times: user=0.13 sys=0.00, real=0.06 secs] 
2022-08-16T18:21:30.222+0800: 17.867: [Full GC (Ergonomics) [PSYoungGen: 75776K->27648K(89600K)] [ParOldGen: 102358K->101414K(102400K)] 178134K->129063K(192000K), [Metaspace: 4534K->4534K(1056768K)], 0.0554036 secs] [Times: user=0.24 sys=0.01, real=0.06 secs] 
2022-08-16T18:21:30.428+0800: 18.073: [Full GC (Ergonomics) [PSYoungGen: 76705K->31744K(89600K)] [ParOldGen: 101414K->101498K(102400K)] 178120K->133242K(192000K), [Metaspace: 4534K->4534K(1056768K)], 0.0523506 secs] [Times: user=0.25 sys=0.00, real=0.05 secs] 
2022-08-16T18:21:30.544+0800: 18.189: [Full GC (Ergonomics) [PSYoungGen: 76178K->56365K(89600K)] [ParOldGen: 101498K->101494K(102400K)] 177676K->157860K(192000K), [Metaspace: 4534K->4534K(1056768K)], 0.0530564 secs] [Times: user=0.27 sys=0.00, real=0.06 secs] 
2022-08-16T18:21:30.698+0800: 18.342: [Full GC (Ergonomics) [PSYoungGen: 76686K->33881K(89600K)] [ParOldGen: 101494K->101535K(102400K)] 178181K->135416K(192000K), [Metaspace: 4534K->4534K(1056768K)], 0.0499113 secs] [Times: user=0.23 sys=0.00, real=0.05 secs] 
2022-08-16T18:21:30.788+0800: 18.433: [Full GC (Ergonomics) [PSYoungGen: 76466K->53380K(89600K)] [ParOldGen: 101535K->101526K(102400K)] 178001K->154907K(192000K), [Metaspace: 4534K->4534K(1056768K)], 0.0565566 secs] [Times: user=0.25 sys=0.00, real=0.06 secs] 
2022-08-16T18:21:30.894+0800: 18.539: [Full GC (Ergonomics) [PSYoungGen: 76781K->35884K(89600K)] [ParOldGen: 101526K->101655K(102400K)] 178307K->137540K(192000K), [Metaspace: 4534K->4534K(1056768K)], 0.0516255 secs] [Times: user=0.16 sys=0.00, real=0.05 secs] 
2022-08-16T18:21:30.986+0800: 18.631: [Full GC (Ergonomics) [PSYoungGen: 76584K->55385K(89600K)] [ParOldGen: 101655K->101650K(102400K)] 178240K->157035K(192000K), [Metaspace: 4534K->4534K(1056768K)], 0.0548099 secs] [Times: user=0.19 sys=0.00, real=0.06 secs] 
2022-08-16T18:21:31.120+0800: 18.765: [Full GC (Ergonomics) [PSYoungGen: 76796K->37932K(89600K)] [ParOldGen: 101650K->101735K(102400K)] 178446K->139667K(192000K), [Metaspace: 4534K->4534K(1056768K)], 0.0537729 secs] [Times: user=0.30 sys=0.00, real=0.06 secs] 
2022-08-16T18:21:31.221+0800: 18.866: [Full GC (Ergonomics) [PSYoungGen: 76759K->43052K(89600K)] [ParOldGen: 101735K->101776K(102400K)] 178494K->144828K(192000K), [Metaspace: 4534K->4534K(1056768K)], 0.0640158 secs] [Times: user=0.23 sys=0.02, real=0.07 secs] 
2022-08-16T18:21:31.329+0800: 18.973: [Full GC (Ergonomics) [PSYoungGen: 76289K->54317K(89600K)] [ParOldGen: 101776K->101819K(102400K)] 178065K->156136K(192000K), [Metaspace: 4534K->4534K(1056768K)], 0.0536078 secs] [Times: user=0.16 sys=0.00, real=0.06 secs] 
2022-08-16T18:21:31.419+0800: 19.063: [Full GC (Ergonomics) [PSYoungGen: 75797K->51289K(89600K)] [ParOldGen: 101819K->101816K(102400K)] 177617K->153106K(192000K), [Metaspace: 4534K->4534K(1056768K)], 0.0540479 secs] [Times: user=0.23 sys=0.02, real=0.06 secs] 
2022-08-16T18:21:31.511+0800: 19.155: [Full GC (Ergonomics) [PSYoungGen: 76140K->49241K(89600K)] [ParOldGen: 101816K->101859K(102400K)] 177957K->151101K(192000K), [Metaspace: 4534K->4534K(1056768K)], 0.0531130 secs] [Times: user=0.31 sys=0.00, real=0.06 secs] 
2022-08-16T18:21:31.598+0800: 19.243: [Full GC (Ergonomics) [PSYoungGen: 76270K->49241K(89600K)] [ParOldGen: 101859K->101900K(102400K)] 178130K->151142K(192000K), [Metaspace: 4534K->4534K(1056768K)], 0.0535869 secs] [Times: user=0.20 sys=0.00, real=0.06 secs] 
2022-08-16T18:21:31.684+0800: 19.329: [Full GC (Ergonomics) [PSYoungGen: 76182K->51288K(89600K)] [ParOldGen: 101900K->101937K(102400K)] 178083K->153226K(192000K), [Metaspace: 4534K->4534K(1056768K)], 0.0542574 secs] [Times: user=0.13 sys=0.02, real=0.06 secs] 
2022-08-16T18:21:31.781+0800: 19.425: [Full GC (Ergonomics) [PSYoungGen: 76237K->48217K(89600K)] [ParOldGen: 101937K->101975K(102400K)] 178174K->150193K(192000K), [Metaspace: 4534K->4534K(1056768K)], 0.0691175 secs] [Times: user=0.14 sys=0.00, real=0.07 secs] 
2022-08-16T18:21:31.890+0800: 19.535: [Full GC (Ergonomics) [PSYoungGen: 76437K->35885K(89600K)] [ParOldGen: 101975K->102061K(102400K)] 178412K->137947K(192000K), [Metaspace: 4534K->4534K(1056768K)], 0.0568999 secs] [Times: user=0.16 sys=0.00, real=0.06 secs] 
2022-08-16T18:21:32.017+0800: 19.661: [Full GC (Ergonomics) [PSYoungGen: 75976K->43052K(89600K)] [ParOldGen: 102061K->102098K(102400K)] 178038K->145150K(192000K), [Metaspace: 4534K->4534K(1056768K)], 0.0585216 secs] [Times: user=0.17 sys=0.02, real=0.06 secs] 
2022-08-16T18:21:32.210+0800: 19.855: [Full GC (Ergonomics) [PSYoungGen: 76657K->21548K(89600K)] [ParOldGen: 102098K->102182K(102400K)] 178755K->123731K(192000K), [Metaspace: 4534K->4534K(1056768K)], 0.0585234 secs] [Times: user=0.13 sys=0.00, real=0.06 secs] 
2022-08-16T18:21:32.350+0800: 19.994: [Full GC (Ergonomics) [PSYoungGen: 76335K->47147K(89600K)] [ParOldGen: 102182K->102220K(102400K)] 178517K->149367K(192000K), [Metaspace: 4534K->4534K(1056768K)], 0.0592130 secs] [Times: user=0.19 sys=0.00, real=0.06 secs] 
2022-08-16T18:21:32.633+0800: 20.278: [Full GC (Ergonomics) [PSYoungGen: 76323K->1024K(89600K)] [ParOldGen: 102220K->102387K(102400K)] 178543K->103411K(192000K), [Metaspace: 4534K->4534K(1056768K)], 0.0523618 secs] [Times: user=0.16 sys=0.02, real=0.06 secs] 
2022-08-16T18:21:32.825+0800: 20.470: [Full GC (Ergonomics) [PSYoungGen: 76741K->41984K(89600K)] [ParOldGen: 102387K->101446K(102400K)] 179128K->143430K(192000K), [Metaspace: 4534K->4534K(1056768K)], 0.0616755 secs] [Times: user=0.14 sys=0.00, real=0.06 secs] 
2022-08-16T18:21:33.041+0800: 20.685: [Full GC (Ergonomics) [PSYoungGen: 75922K->29783K(89600K)] [ParOldGen: 101446K->101441K(102400K)] 177368K->131225K(192000K), [Metaspace: 4534K->4534K(1056768K)], 0.0531001 secs] [Times: user=0.30 sys=0.00, real=0.06 secs] 
2022-08-16T18:21:33.221+0800: 20.866: [Full GC (Ergonomics) [PSYoungGen: 76500K->37888K(89600K)] [ParOldGen: 101441K->101609K(102400K)] 177942K->139497K(192000K), [Metaspace: 4534K->4534K(1056768K)], 0.0553523 secs] [Times: user=0.19 sys=0.00, real=0.06 secs] 
2022-08-16T18:21:33.322+0800: 20.966: [Full GC (Ergonomics) [PSYoungGen: 76159K->51245K(89600K)] [ParOldGen: 101609K->101606K(102400K)] 177768K->152851K(192000K), [Metaspace: 4534K->4534K(1056768K)], 0.0575475 secs] [Times: user=0.28 sys=0.02, real=0.06 secs] 
2022-08-16T18:21:33.426+0800: 21.071: [Full GC (Ergonomics) [PSYoungGen: 76708K->51289K(89600K)] [ParOldGen: 101606K->101602K(102400K)] 178314K->152892K(192000K), [Metaspace: 4534K->4534K(1056768K)], 0.0559513 secs] [Times: user=0.23 sys=0.00, real=0.06 secs] 
2022-08-16T18:21:33.519+0800: 21.164: [Full GC (Ergonomics) [PSYoungGen: 75839K->43097K(89600K)] [ParOldGen: 101602K->101643K(102400K)] 177442K->144741K(192000K), [Metaspace: 4534K->4534K(1056768K)], 0.0558225 secs] [Times: user=0.25 sys=0.00, real=0.06 secs] 
2022-08-16T18:21:33.645+0800: 21.290: [Full GC (Ergonomics) [PSYoungGen: 76765K->52269K(89600K)] [ParOldGen: 101643K->101725K(102400K)] 178408K->153995K(192000K), [Metaspace: 4534K->4534K(1056768K)], 0.0581187 secs] [Times: user=0.23 sys=0.00, real=0.06 secs] 
2022-08-16T18:21:33.746+0800: 21.391: [Full GC (Ergonomics) [PSYoungGen: 76763K->45101K(89600K)] [ParOldGen: 101725K->101768K(102400K)] 178489K->146869K(192000K), [Metaspace: 4534K->4534K(1056768K)], 0.0555732 secs] [Times: user=0.14 sys=0.00, real=0.06 secs] 
2022-08-16T18:21:33.902+0800: 21.546: [Full GC (Ergonomics) [PSYoungGen: 76552K->31876K(89600K)] [ParOldGen: 101768K->101761K(102400K)] 178321K->133637K(192000K), [Metaspace: 4534K->4534K(1056768K)], 0.0631513 secs] [Times: user=0.16 sys=0.02, real=0.07 secs] 
2022-08-16T18:21:34.035+0800: 21.680: [Full GC (Ergonomics) [PSYoungGen: 76630K->42029K(89600K)] [ParOldGen: 101761K->101883K(102400K)] 178391K->143913K(192000K), [Metaspace: 4534K->4534K(1056768K)], 0.0551843 secs] [Times: user=0.25 sys=0.00, real=0.06 secs] 
2022-08-16T18:21:34.219+0800: 21.863: [Full GC (Ergonomics) [PSYoungGen: 76336K->41049K(89600K)] [ParOldGen: 101883K->101924K(102400K)] 178220K->142973K(192000K), [Metaspace: 4534K->4534K(1056768K)], 0.0561709 secs] [Times: user=0.17 sys=0.00, real=0.06 secs] 
2022-08-16T18:21:34.409+0800: 22.054: [Full GC (Ergonomics) [PSYoungGen: 76318K->25644K(89600K)] [ParOldGen: 101924K->102055K(102400K)] 178242K->127700K(192000K), [Metaspace: 4534K->4534K(1056768K)], 0.0543950 secs] [Times: user=0.20 sys=0.01, real=0.06 secs] 
2022-08-16T18:21:34.539+0800: 22.185: [Full GC (Ergonomics) [PSYoungGen: 75882K->45094K(89600K)] [ParOldGen: 102055K->102099K(102400K)] 177938K->147193K(192000K), [Metaspace: 4534K->4534K(1056768K)], 0.0572127 secs] [Times: user=0.31 sys=0.02, real=0.06 secs] 
2022-08-16T18:21:34.734+0800: 22.378: [Full GC (Ergonomics) [PSYoungGen: 76099K->28761K(89600K)] [ParOldGen: 102099K->102131K(102400K)] 178199K->130893K(192000K), [Metaspace: 4534K->4534K(1056768K)], 0.0563217 secs] [Times: user=0.17 sys=0.00, real=0.06 secs] 
2022-08-16T18:21:34.929+0800: 22.574: [Full GC (Ergonomics) [PSYoungGen: 76749K->32856K(89600K)] [ParOldGen: 102131K->102218K(102400K)] 178881K->135074K(192000K), [Metaspace: 4535K->4535K(1056768K)], 0.0566492 secs] [Times: user=0.22 sys=0.00, real=0.06 secs] 
2022-08-16T18:21:35.107+0800: 22.752: [Full GC (Ergonomics) [PSYoungGen: 76607K->31788K(89600K)] [ParOldGen: 102218K->102343K(102400K)] 178825K->134131K(192000K), [Metaspace: 4535K->4535K(1056768K)], 0.0557285 secs] [Times: user=0.17 sys=0.00, real=0.06 secs] 
2022-08-16T18:21:35.226+0800: 22.871: [Full GC (Ergonomics) [PSYoungGen: 76598K->45100K(89600K)] [ParOldGen: 102343K->102380K(102400K)] 178942K->147481K(192000K), [Metaspace: 4535K->4535K(1056768K)], 0.0571867 secs] [Times: user=0.36 sys=0.02, real=0.06 secs] 
2022-08-16T18:21:35.337+0800: 22.981: [Full GC (Ergonomics) [PSYoungGen: 75778K->48173K(89600K)] [ParOldGen: 102380K->101393K(102400K)] 178159K->149566K(192000K), [Metaspace: 4535K->4535K(1056768K)], 0.0572328 secs] [Times: user=0.36 sys=0.02, real=0.06 secs] 
2022-08-16T18:21:35.507+0800: 23.152: [Full GC (Ergonomics) [PSYoungGen: 75900K->26713K(89600K)] [ParOldGen: 101393K->101433K(102400K)] 177293K->128147K(192000K), [Metaspace: 4535K->4535K(1056768K)], 0.0538328 secs] [Times: user=0.28 sys=0.00, real=0.06 secs] 
2022-08-16T18:21:35.610+0800: 23.255: [Full GC (Ergonomics) [PSYoungGen: 75874K->45101K(89600K)] [ParOldGen: 101433K->101511K(102400K)] 177308K->146612K(192000K), [Metaspace: 4535K->4535K(1056768K)], 0.0567652 secs] [Times: user=0.19 sys=0.00, real=0.06 secs] 
2022-08-16T18:21:35.706+0800: 23.351: [Full GC (Ergonomics) [PSYoungGen: 76036K->43053K(89600K)] [ParOldGen: 101511K->101546K(102400K)] 177547K->144599K(192000K), [Metaspace: 4535K->4535K(1056768K)], 0.0569774 secs] [Times: user=0.30 sys=0.01, real=0.06 secs] 
2022-08-16T18:21:35.815+0800: 23.459: [Full GC (Ergonomics) [PSYoungGen: 76218K->48173K(89600K)] [ParOldGen: 101546K->101588K(102400K)] 177764K->149761K(192000K), [Metaspace: 4535K->4535K(1056768K)], 0.0570216 secs] [Times: user=0.20 sys=0.00, real=0.06 secs] 
2022-08-16T18:21:35.918+0800: 23.563: [Full GC (Ergonomics) [PSYoungGen: 75972K->46125K(89600K)] [ParOldGen: 101588K->101630K(102400K)] 177561K->147755K(192000K), [Metaspace: 4535K->4535K(1056768K)], 0.0593917 secs] [Times: user=0.16 sys=0.02, real=0.06 secs] 
2022-08-16T18:21:36.017+0800: 23.661: [Full GC (Ergonomics) [PSYoungGen: 76303K->51373K(89600K)] [ParOldGen: 101630K->101602K(102400K)] 177933K->152975K(192000K), [Metaspace: 4535K->4535K(1056768K)], 0.0587627 secs] [Times: user=0.31 sys=0.00, real=0.06 secs] 
2022-08-16T18:21:36.123+0800: 23.768: [Full GC (Ergonomics) [PSYoungGen: 76113K->52441K(89600K)] [ParOldGen: 101602K->101601K(102400K)] 177716K->154043K(192000K), [Metaspace: 4535K->4535K(1056768K)], 0.0659853 secs] [Times: user=0.22 sys=0.00, real=0.07 secs] 
2022-08-16T18:21:36.244+0800: 23.889: [Full GC (Ergonomics) [PSYoungGen: 76126K->44121K(89600K)] [ParOldGen: 101601K->101772K(102400K)] 177728K->145894K(192000K), [Metaspace: 4535K->4535K(1056768K)], 0.0604812 secs] [Times: user=0.14 sys=0.02, real=0.06 secs] 
2022-08-16T18:21:36.408+0800: 24.052: [Full GC (Ergonomics) [PSYoungGen: 76517K->49241K(89600K)] [ParOldGen: 101772K->101854K(102400K)] 178290K->151096K(192000K), [Metaspace: 4535K->4535K(1056768K)], 0.0617689 secs] [Times: user=0.30 sys=0.00, real=0.06 secs] 
2022-08-16T18:21:36.517+0800: 24.162: [Full GC (Ergonomics) [PSYoungGen: 76319K->45145K(89600K)] [ParOldGen: 101854K->101898K(102400K)] 178174K->147043K(192000K), [Metaspace: 4535K->4535K(1056768K)], 0.0612764 secs] [Times: user=0.30 sys=0.00, real=0.06 secs] 
2022-08-16T18:21:36.638+0800: 24.283: [Full GC (Ergonomics) [PSYoungGen: 76498K->33837K(89600K)] [ParOldGen: 101898K->101979K(102400K)] 178396K->135816K(192000K), [Metaspace: 4535K->4535K(1056768K)], 0.0609570 secs] [Times: user=0.17 sys=0.00, real=0.06 secs] 
2022-08-16T18:21:36.933+0800: 24.578: [Full GC (Ergonomics) [PSYoungGen: 76070K->0K(89600K)] [ParOldGen: 101979K->99077K(102400K)] 178050K->99077K(192000K), [Metaspace: 4535K->4535K(1056768K)], 0.0603442 secs] [Times: user=0.17 sys=0.02, real=0.06 secs] 
2022-08-16T18:21:37.116+0800: 24.761: [Full GC (Ergonomics) [PSYoungGen: 76179K->44075K(89600K)] [ParOldGen: 99077K->102184K(102400K)] 175256K->146260K(192000K), [Metaspace: 4535K->4535K(1056768K)], 0.0598598 secs] [Times: user=0.39 sys=0.00, real=0.06 secs] 
2022-08-16T18:21:37.237+0800: 24.881: [Full GC (Ergonomics) [PSYoungGen: 76298K->47149K(89600K)] [ParOldGen: 102184K->102226K(102400K)] 178483K->149375K(192000K), [Metaspace: 4535K->4535K(1056768K)], 0.0586528 secs] [Times: user=0.34 sys=0.00, real=0.06 secs] 
2022-08-16T18:21:37.342+0800: 24.987: [Full GC (Ergonomics) [PSYoungGen: 75834K->49241K(89600K)] [ParOldGen: 102226K->102225K(102400K)] 178061K->151466K(192000K), [Metaspace: 4535K->4535K(1056768K)], 0.0603300 secs] [Times: user=0.20 sys=0.00, real=0.06 secs] 
2022-08-16T18:21:37.516+0800: 25.161: [Full GC (Ergonomics) [PSYoungGen: 75982K->34905K(89600K)] [ParOldGen: 102225K->102311K(102400K)] 178207K->137216K(192000K), [Metaspace: 4535K->4535K(1056768K)], 0.0582761 secs] [Times: user=0.19 sys=0.00, real=0.06 secs] 
2022-08-16T18:21:37.646+0800: 25.291: [Full GC (Ergonomics) [PSYoungGen: 76707K->37931K(89600K)] [ParOldGen: 102311K->102392K(102400K)] 179018K->140324K(192000K), [Metaspace: 4535K->4535K(1056768K)], 0.0591078 secs] [Times: user=0.27 sys=0.00, real=0.06 secs] 
2022-08-16T18:21:37.840+0800: 25.485: [Full GC (Ergonomics) [PSYoungGen: 76542K->27737K(89600K)] [ParOldGen: 102392K->101403K(102400K)] 178935K->129141K(192000K), [Metaspace: 4537K->4537K(1056768K)], 0.0591244 secs] [Times: user=0.17 sys=0.00, real=0.06 secs] 
2022-08-16T18:21:38.036+0800: 25.681: [Full GC (Ergonomics) [PSYoungGen: 75991K->30794K(89600K)] [ParOldGen: 101403K->101503K(102400K)] 177394K->132297K(192000K), [Metaspace: 4537K->4537K(1056768K)], 0.0592739 secs] [Times: user=0.28 sys=0.00, real=0.06 secs] 
2022-08-16T18:21:38.206+0800: 25.851: [Full GC (Ergonomics) [PSYoungGen: 76648K->31788K(89600K)] [ParOldGen: 101503K->101610K(102400K)] 178151K->133399K(192000K), [Metaspace: 4537K->4537K(1056768K)], 0.0613872 secs] [Times: user=0.22 sys=0.00, real=0.06 secs] 
2022-08-16T18:21:38.343+0800: 25.987: [Full GC (Ergonomics) [PSYoungGen: 76451K->47192K(89600K)] [ParOldGen: 101610K->101605K(102400K)] 178062K->148798K(192000K), [Metaspace: 4537K->4537K(1056768K)], 0.0638033 secs] [Times: user=0.26 sys=0.00, real=0.07 secs] 
2022-08-16T18:21:38.496+0800: 26.141: [Full GC (Ergonomics) [PSYoungGen: 75984K->37977K(89600K)] [ParOldGen: 101605K->101681K(102400K)] 177590K->139659K(192000K), [Metaspace: 4537K->4537K(1056768K)], 0.0628750 secs] [Times: user=0.16 sys=0.01, real=0.07 secs] 
2022-08-16T18:21:38.616+0800: 26.261: [Full GC (Ergonomics) [PSYoungGen: 76304K->43097K(89600K)] [ParOldGen: 101681K->101723K(102400K)] 177986K->144820K(192000K), [Metaspace: 4537K->4537K(1056768K)], 0.0619324 secs] [Times: user=0.27 sys=0.00, real=0.07 secs] 
2022-08-16T18:21:38.724+0800: 26.369: [Full GC (Ergonomics) [PSYoungGen: 76203K->51245K(89600K)] [ParOldGen: 101723K->101809K(102400K)] 177927K->153054K(192000K), [Metaspace: 4537K->4537K(1056768K)], 0.0649676 secs] [Times: user=0.17 sys=0.00, real=0.07 secs] 
2022-08-16T18:21:38.935+0800: 26.580: [Full GC (Ergonomics) [PSYoungGen: 75937K->28761K(89600K)] [ParOldGen: 101809K->101845K(102400K)] 177747K->130607K(192000K), [Metaspace: 4537K->4537K(1056768K)], 0.0620496 secs] [Times: user=0.19 sys=0.00, real=0.07 secs] 
2022-08-16T18:21:39.147+0800: 26.791: [Full GC (Ergonomics) [PSYoungGen: 75977K->25688K(89600K)] [ParOldGen: 101845K->101931K(102400K)] 177823K->127619K(192000K), [Metaspace: 4538K->4538K(1056768K)], 0.0611604 secs] [Times: user=0.23 sys=0.00, real=0.06 secs] 
2022-08-16T18:21:39.422+0800: 27.066: [Full GC (Ergonomics) [PSYoungGen: 76098K->6144K(89600K)] [ParOldGen: 101931K->102143K(102400K)] 178029K->108288K(192000K), [Metaspace: 4538K->4538K(1056768K)], 0.0582779 secs] [Times: user=0.19 sys=0.01, real=0.06 secs] 
2022-08-16T18:21:39.631+0800: 27.276: [Full GC (Ergonomics) [PSYoungGen: 76584K->31787K(89600K)] [ParOldGen: 102143K->102185K(102400K)] 178728K->133973K(192000K), [Metaspace: 4546K->4546K(1056768K)], 0.0724736 secs] [Times: user=0.28 sys=0.00, real=0.08 secs] 
2022-08-16T18:21:39.747+0800: 27.392: [Full GC (Ergonomics) 